Component: ARM Compiler 5.06 update 6 (build 750) Tool: armlink [4d35ed]

==============================================================================

Section Cross References

    startup_stm32h743xx.o(RESET) refers to startup_stm32h743xx.o(STACK) for __initial_sp
    startup_stm32h743xx.o(RESET) refers to startup_stm32h743xx.o(.text) for Reset_Handler
    startup_stm32h743xx.o(RESET) refers to stm32h7xx_it.o(i.NMI_Handler) for NMI_Handler
    startup_stm32h743xx.o(RESET) refers to context_rvds.o(.text) for HardFault_Handler
    startup_stm32h743xx.o(RESET) refers to stm32h7xx_it.o(i.BusFault_Handler) for BusFault_Handler
    startup_stm32h743xx.o(RESET) refers to stm32h7xx_it.o(i.UsageFault_Handler) for UsageFault_Handler
    startup_stm32h743xx.o(RESET) refers to stm32h7xx_it.o(i.SVC_Handler) for SVC_Handler
    startup_stm32h743xx.o(RESET) refers to stm32h7xx_it.o(i.DebugMon_Handler) for DebugMon_Handler
    startup_stm32h743xx.o(RESET) refers to board.o(i.SysTick_Handler) for SysTick_Handler
    startup_stm32h743xx.o(.text) refers to system_stm32h7xx.o(i.SystemInit) for SystemInit
    startup_stm32h743xx.o(.text) refers to entry.o(.ARM.Collect$$$$00000000) for __main
    system_stm32h7xx.o(i.SystemCoreClockUpdate) refers to system_stm32h7xx.o(.data) for SystemCoreClock
    system_stm32h7xx.o(i.SystemCoreClockUpdate) refers to system_stm32h7xx.o(.constdata) for D1CorePrescTable
    stm32h7xx_hal.o(i.HAL_DeInit) refers to stm32h7xx_hal.o(i.HAL_MspDeInit) for HAL_MspDeInit
    stm32h7xx_hal.o(i.HAL_Delay) refers to core_delay.o(i.HAL_GetTick) for HAL_GetTick
    stm32h7xx_hal.o(i.HAL_Delay) refers to stm32h7xx_hal.o(.data) for uwTickFreq
    stm32h7xx_hal.o(i.HAL_GetTick) refers to stm32h7xx_hal.o(.data) for uwTick
    stm32h7xx_hal.o(i.HAL_GetTickFreq) refers to stm32h7xx_hal.o(.data) for uwTickFreq
    stm32h7xx_hal.o(i.HAL_GetTickPrio) refers to stm32h7xx_hal.o(.data) for uwTickPrio
    stm32h7xx_hal.o(i.HAL_IncTick) refers to stm32h7xx_hal.o(.data) for uwTick
    stm32h7xx_hal.o(i.HAL_Init) refers to stm32h7xx_hal_cortex.o(i.HAL_NVIC_SetPriorityGrouping) for HAL_NVIC_SetPriorityGrouping
    stm32h7xx_hal.o(i.HAL_Init) refers to core_delay.o(i.HAL_InitTick) for HAL_InitTick
    stm32h7xx_hal.o(i.HAL_Init) refers to stm32h7xx_hal.o(i.HAL_MspInit) for HAL_MspInit
    stm32h7xx_hal.o(i.HAL_SYSCFG_EnableVREFBUF) refers to core_delay.o(i.HAL_GetTick) for HAL_GetTick
    stm32h7xx_hal.o(i.HAL_SetTickFreq) refers to core_delay.o(i.HAL_InitTick) for HAL_InitTick
    stm32h7xx_hal.o(i.HAL_SetTickFreq) refers to stm32h7xx_hal.o(.data) for uwTickFreq
    stm32h7xx_hal_cortex.o(i.HAL_NVIC_GetPriorityGrouping) refers to stm32h7xx_hal_cortex.o(i.__NVIC_GetPriorityGrouping) for __NVIC_GetPriorityGrouping
    stm32h7xx_hal_cortex.o(i.HAL_NVIC_SetPriority) refers to stm32h7xx_hal_cortex.o(i.__NVIC_GetPriorityGrouping) for __NVIC_GetPriorityGrouping
    stm32h7xx_hal_cortex.o(i.HAL_NVIC_SetPriority) refers to stm32h7xx_hal_cortex.o(i.__NVIC_SetPriority) for __NVIC_SetPriority
    stm32h7xx_hal_cortex.o(i.HAL_SYSTICK_Config) refers to stm32h7xx_hal_cortex.o(i.__NVIC_SetPriority) for __NVIC_SetPriority
    stm32h7xx_hal_cortex.o(i.HAL_SYSTICK_IRQHandler) refers to stm32h7xx_hal_cortex.o(i.HAL_SYSTICK_Callback) for HAL_SYSTICK_Callback
    stm32h7xx_hal_dma.o(i.DMA_CalcBaseAndBitshift) refers to stm32h7xx_hal_dma.o(.constdata) for flagBitshiftOffset
    stm32h7xx_hal_dma.o(i.HAL_DMA_Abort) refers to core_delay.o(i.HAL_GetTick) for HAL_GetTick
    stm32h7xx_hal_dma.o(i.HAL_DMA_DeInit) refers to stm32h7xx_hal_dma.o(i.DMA_CalcBaseAndBitshift) for DMA_CalcBaseAndBitshift
    stm32h7xx_hal_dma.o(i.HAL_DMA_DeInit) refers to stm32h7xx_hal_dma.o(i.DMA_CalcDMAMUXChannelBaseAndMask) for DMA_CalcDMAMUXChannelBaseAndMask
    stm32h7xx_hal_dma.o(i.HAL_DMA_DeInit) refers to stm32h7xx_hal_dma.o(i.DMA_CalcDMAMUXRequestGenBaseAndMask) for DMA_CalcDMAMUXRequestGenBaseAndMask
    stm32h7xx_hal_dma.o(i.HAL_DMA_IRQHandler) refers to system_stm32h7xx.o(.data) for SystemCoreClock
    stm32h7xx_hal_dma.o(i.HAL_DMA_Init) refers to core_delay.o(i.HAL_GetTick) for HAL_GetTick
    stm32h7xx_hal_dma.o(i.HAL_DMA_Init) refers to stm32h7xx_hal_dma.o(i.DMA_CheckFifoParam) for DMA_CheckFifoParam
    stm32h7xx_hal_dma.o(i.HAL_DMA_Init) refers to stm32h7xx_hal_dma.o(i.DMA_CalcBaseAndBitshift) for DMA_CalcBaseAndBitshift
    stm32h7xx_hal_dma.o(i.HAL_DMA_Init) refers to stm32h7xx_hal_dma.o(i.DMA_CalcDMAMUXChannelBaseAndMask) for DMA_CalcDMAMUXChannelBaseAndMask
    stm32h7xx_hal_dma.o(i.HAL_DMA_Init) refers to stm32h7xx_hal_dma.o(i.DMA_CalcDMAMUXRequestGenBaseAndMask) for DMA_CalcDMAMUXRequestGenBaseAndMask
    stm32h7xx_hal_dma.o(i.HAL_DMA_PollForTransfer) refers to core_delay.o(i.HAL_GetTick) for HAL_GetTick
    stm32h7xx_hal_dma.o(i.HAL_DMA_PollForTransfer) refers to stm32h7xx_hal_dma.o(i.HAL_DMA_Abort) for HAL_DMA_Abort
[...]
    Removing stm32h7xx_ll_delayblock.o(.rrx_text), (6 bytes).
    Removing stm32h7xx_ll_fmc.o(.rev16_text), (4 bytes).
    Removing stm32h7xx_ll_fmc.o(.revsh_text), (4 bytes).
    Removing stm32h7xx_ll_fmc.o(.rrx_text), (6 bytes).
    Removing stm32h7xx_ll_sdmmc.o(.rev16_text), (4 bytes).
    Removing stm32h7xx_ll_sdmmc.o(.revsh_text), (4 bytes).
    Removing stm32h7xx_ll_sdmmc.o(.rrx_text), (6 bytes).
    Removing stm32h7xx_ll_usb.o(.rev16_text), (4 bytes).
    Removing stm32h7xx_ll_usb.o(.revsh_text), (4 bytes).
    Removing stm32h7xx_ll_usb.o(.rrx_text), (6 bytes).
    Removing main.o(.rev16_text), (4 bytes).
    Removing main.o(.revsh_text), (4 bytes).
    Removing main.o(.rrx_text), (6 bytes).
    Removing stm32h7xx_it.o(.rev16_text), (4 bytes).
    Removing stm32h7xx_it.o(.revsh_text), (4 bytes).
    Removing stm32h7xx_it.o(.rrx_text), (6 bytes).
    Removing bsp_led.o(.rev16_text), (4 bytes).
    Removing bsp_led.o(.revsh_text), (4 bytes).
    Removing bsp_led.o(.rrx_text), (6 bytes).
    Removing core_delay.o(.rev16_text), (4 bytes).
    Removing core_delay.o(.revsh_text), (4 bytes).
    Removing core_delay.o(.rrx_text), (6 bytes).
    Removing core_delay.o(i.CPU_TS_TmrRd), (12 bytes).
    Removing core_delay.o(i.CPU_TS_Tmr_Delay_US), (80 bytes).
    Removing board.o(.rev16_text), (4 bytes).
    Removing board.o(.revsh_text), (4 bytes).
    Removing board.o(.rrx_text), (6 bytes).
    Removing clock.o(i.rt_system_tick_init), (2 bytes).
    Removing clock.o(i.rt_tick_from_millisecond), (56 bytes).
    Removing clock.o(i.rt_tick_set), (28 bytes).
    Removing idle.o(i.rt_thread_idle_gethandler), (8 bytes).
    Removing ipc.o(i.rt_ipc_list_resume), (20 bytes).
    Removing ipc.o(i.rt_ipc_list_resume_all), (50 bytes).
    Removing ipc.o(i.rt_ipc_list_suspend), (108 bytes).
    Removing ipc.o(i.rt_ipc_object_init), (16 bytes).
    Removing ipc.o(i.rt_list_init), (6 bytes).
    Removing ipc.o(i.rt_list_insert_before), (14 bytes).
    Removing ipc.o(i.rt_list_isempty), (16 bytes).
    Removing ipc.o(i.rt_mb_control), (66 bytes).
    Removing ipc.o(i.rt_mb_detach), (30 bytes).
    Removing ipc.o(i.rt_mb_init), (62 bytes).
    Removing ipc.o(i.rt_mb_recv), (244 bytes).
    Removing ipc.o(i.rt_mb_send), (18 bytes).
    Removing ipc.o(i.rt_mb_send_wait), (246 bytes).
    Removing ipc.o(i.rt_sem_control), (54 bytes).
    Removing ipc.o(i.rt_sem_detach), (22 bytes).
    Removing ipc.o(i.rt_sem_init), (38 bytes).
    Removing ipc.o(i.rt_sem_release), (58 bytes).
    Removing ipc.o(i.rt_sem_take), (116 bytes).
    Removing ipc.o(i.rt_sem_trytake), (14 bytes).
    Removing irq.o(i.rt_interrupt_get_nest), (12 bytes).
    Removing kservice.o(i._rt_errno), (36 bytes).
    Removing kservice.o(i.rt_get_errno), (36 bytes).
    Removing kservice.o(i.rt_kputs), (18 bytes).
    Removing kservice.o(i.rt_memcmp), (38 bytes).
    Removing kservice.o(i.rt_memcpy), (124 bytes).
    Removing kservice.o(i.rt_memmove), (66 bytes).
    Removing kservice.o(i.rt_set_errno), (40 bytes).
    Removing kservice.o(i.rt_snprintf), (38 bytes).
    Removing kservice.o(i.rt_sprintf), (34 bytes).
    Removing kservice.o(i.rt_strcasecmp), (48 bytes).
    Removing kservice.o(i.rt_strcmp), (28 bytes).
    Removing kservice.o(i.rt_strncmp), (40 bytes).
    Removing kservice.o(i.rt_strnlen), (24 bytes).
    Removing kservice.o(i.rt_strstr), (58 bytes).
    Removing kservice.o(i.rt_vsprintf), (22 bytes).
    Removing kservice.o(.data), (4 bytes).
    Removing object.o(i.rt_object_find), (86 bytes).
    Removing object.o(i.rt_object_get_type), (10 bytes).
    Removing object.o(i.rt_system_object_init), (2 bytes).
    Removing scheduler.o(i.rt_critical_level), (12 bytes).
    Removing thread.o(i.rt_thread_control), (106 bytes).
    Removing thread.o(i.rt_thread_detach), (88 bytes).
    Removing thread.o(i.rt_thread_find), (82 bytes).
    Removing thread.o(i.rt_thread_mdelay), (20 bytes).
    Removing timer.o(i.rt_timer_list_next_timeout), (28 bytes).
    Removing timer.o(i.rt_timer_next_timeout_tick), (16 bytes).
    Removing cpu_cache.o(.rev16_text), (4 bytes).
    Removing cpu_cache.o(.revsh_text), (4 bytes).
    Removing cpu_cache.o(.rrx_text), (6 bytes).
    Removing cpu_cache.o(i.SCB_CleanDCache_by_Addr), (76 bytes).
    Removing cpu_cache.o(i.SCB_CleanInvalidateDCache_by_Addr), (76 bytes).
    Removing cpu_cache.o(i.SCB_DisableDCache), (160 bytes).
    Removing cpu_cache.o(i.SCB_EnableDCache), (156 bytes).
    Removing cpu_cache.o(i.SCB_EnableICache), (124 bytes).
    Removing cpu_cache.o(i.SCB_InvalidateDCache_by_Addr), (76 bytes).
    Removing cpu_cache.o(i.rt_hw_cpu_dcache_disable), (8 bytes).
    Removing cpu_cache.o(i.rt_hw_cpu_dcache_enable), (8 bytes).
    Removing cpu_cache.o(i.rt_hw_cpu_dcache_ops), (70 bytes).
    Removing cpu_cache.o(i.rt_hw_cpu_dcache_status), (4 bytes).
    Removing cpu_cache.o(i.rt_hw_cpu_icache_disable), (100 bytes).
    Removing cpu_cache.o(i.rt_hw_cpu_icache_enable), (8 bytes).
    Removing cpu_cache.o(i.rt_hw_cpu_icache_ops), (88 bytes).
    Removing cpu_cache.o(i.rt_hw_cpu_icache_status), (4 bytes).
    Removing cpuport.o(i.rt_hw_cpu_reset), (16 bytes).
    Removing cpuport.o(i.rt_hw_cpu_shutdown), (28 bytes).
    Removing cpuport.o(i.rt_hw_exception_install), (12 bytes).

668 unused section(s) (total 45235 bytes) removed from the image.

==============================================================================

Image Symbol Table

    Local Symbols

    Symbol Name                              Value     Ov Type        Size  Object(Section)

    ../clib/microlib/init/entry.s            0x00000000   Number         0  entry5.o ABSOLUTE
    ../clib/microlib/init/entry.s            0x00000000   Number         0  entry8a.o ABSOLUTE
    ../clib/microlib/init/entry.s            0x00000000   Number         0  entry7b.o ABSOLUTE
    ../clib/microlib/init/entry.s            0x00000000   Number         0  entry7a.o ABSOLUTE
    ../clib/microlib/init/entry.s            0x00000000   Number         0  entry2.o ABSOLUTE
    ../clib/microlib/init/entry.s            0x00000000   Number         0  entry9a.o ABSOLUTE
    ../clib/microlib/init/entry.s            0x00000000   Number         0  entry.o ABSOLUTE
    ../clib/microlib/init/entry.s            0x00000000   Number         0  entry9b.o ABSOLUTE
    ../clib/microlib/init/entry.s            0x00000000   Number         0  entry10a.o ABSOLUTE
    ../clib/microlib/init/entry.s            0x00000000   Number         0  entry10b.o ABSOLUTE
    ../clib/microlib/init/entry.s            0x00000000   Number         0  entry11a.o ABSOLUTE
    ../clib/microlib/init/entry.s            0x00000000   Number         0  entry11b.o ABSOLUTE
    ../clib/microlib/init/entry.s            0x00000000   Number         0  entry8b.o ABSOLUTE
    ..\..\Libraries\CMSIS\Device\ST\STM32H7xx\Source\Templates\arm\startup_stm32h743xx.s 0x00000000   Number         0  startup_stm32h743xx.o ABSOLUTE
    ..\..\Libraries\CMSIS\Device\ST\STM32H7xx\Source\Templates\system_stm32h7xx.c 0x00000000   Number         0  system_stm32h7xx.o ABSOLUTE
    ..\..\Libraries\STM32H7xx_HAL_Driver\Src\stm32h7xx_hal.c 0x00000000   Number         0  stm32h7xx_hal.o ABSOLUTE
    ..\..\Libraries\STM32H7xx_HAL_Driver\Src\stm32h7xx_hal_adc.c 0x00000000   Number         0  stm32h7xx_hal_adc.o ABSOLUTE
    ..\..\Libraries\STM32H7xx_HAL_Driver\Src\stm32h7xx_hal_adc_ex.c 0x00000000   Number         0  stm32h7xx_hal_adc_ex.o ABSOLUTE
    ..\..\Libraries\STM32H7xx_HAL_Driver\Src\stm32h7xx_hal_cec.c 0x00000000   Number         0  stm32h7xx_hal_cec.o ABSOLUTE
    ..\..\Libraries\STM32H7xx_HAL_Driver\Src\stm32h7xx_hal_comp.c 0x00000000   Number         0  stm32h7xx_hal_comp.o ABSOLUTE
    ..\..\Libraries\STM32H7xx_HAL_Driver\Src\stm32h7xx_hal_cortex.c 0x00000000   Number         0  stm32h7xx_hal_cortex.o ABSOLUTE
    ..\..\Libraries\STM32H7xx_HAL_Driver\Src\stm32h7xx_hal_crc.c 0x00000000   Number         0  stm32h7xx_hal_crc.o ABSOLUTE
    ..\..\Libraries\STM32H7xx_HAL_Driver\Src\stm32h7xx_hal_crc_ex.c 0x00000000   Number         0  stm32h7xx_hal_crc_ex.o ABSOLUTE
    ..\..\Libraries\STM32H7xx_HAL_Driver\Src\stm32h7xx_hal_cryp.c 0x00000000   Number         0  stm32h7xx_hal_cryp.o ABSOLUTE
    ..\..\Libraries\STM32H7xx_HAL_Driver\Src\stm32h7xx_hal_cryp_ex.c 0x00000000   Number         0  stm32h7xx_hal_cryp_ex.o ABSOLUTE
    ..\..\Libraries\STM32H7xx_HAL_Driver\Src\stm32h7xx_hal_dac.c 0x00000000   Number         0  stm32h7xx_hal_dac.o ABSOLUTE
    ..\..\Libraries\STM32H7xx_HAL_Driver\Src\stm32h7xx_hal_dac_ex.c 0x00000000   Number         0  stm32h7xx_hal_dac_ex.o ABSOLUTE
    ..\..\Libraries\STM32H7xx_HAL_Driver\Src\stm32h7xx_hal_dcmi.c 0x00000000   Number         0  stm32h7xx_hal_dcmi.o ABSOLUTE
    ..\..\Libraries\STM32H7xx_HAL_Driver\Src\stm32h7xx_hal_dfsdm.c 0x00000000   Number         0  stm32h7xx_hal_dfsdm.o ABSOLUTE
    ..\..\Libraries\STM32H7xx_HAL_Driver\Src\stm32h7xx_hal_dma.c 0x00000000   Number         0  stm32h7xx_hal_dma.o ABSOLUTE
    ..\..\Libraries\STM32H7xx_HAL_Driver\Src\stm32h7xx_hal_dma2d.c 0x00000000   Number         0  stm32h7xx_hal_dma2d.o ABSOLUTE
    ..\..\Libraries\STM32H7xx_HAL_Driver\Src\stm32h7xx_hal_dma_ex.c 0x00000000   Number         0  stm32h7xx_hal_dma_ex.o ABSOLUTE
    ..\..\Libraries\STM32H7xx_HAL_Driver\Src\stm32h7xx_hal_eth.c 0x00000000   Number         0  stm32h7xx_hal_eth.o ABSOLUTE
    ..\..\Libraries\STM32H7xx_HAL_Driver\Src\stm32h7xx_hal_eth_ex.c 0x00000000   Number         0  stm32h7xx_hal_eth_ex.o ABSOLUTE
    ..\..\Libraries\STM32H7xx_HAL_Driver\Src\stm32h7xx_hal_fdcan.c 0x00000000   Number         0  stm32h7xx_hal_fdcan.o ABSOLUTE
    ..\..\Libraries\STM32H7xx_HAL_Driver\Src\stm32h7xx_hal_flash.c 0x00000000   Number         0  stm32h7xx_hal_flash.o ABSOLUTE
    ..\..\Libraries\STM32H7xx_HAL_Driver\Src\stm32h7xx_hal_flash_ex.c 0x00000000   Number         0  stm32h7xx_hal_flash_ex.o ABSOLUTE
    ..\..\Libraries\STM32H7xx_HAL_Driver\Src\stm32h7xx_hal_gpio.c 0x00000000   Number         0  stm32h7xx_hal_gpio.o ABSOLUTE
    ..\..\Libraries\STM32H7xx_HAL_Driver\Src\stm32h7xx_hal_hash.c 0x00000000   Number         0  stm32h7xx_hal_hash.o ABSOLUTE
    ..\..\Libraries\STM32H7xx_HAL_Driver\Src\stm32h7xx_hal_hash_ex.c 0x00000000   Number         0  stm32h7xx_hal_hash_ex.o ABSOLUTE
    ..\..\Libraries\STM32H7xx_HAL_Driver\Src\stm32h7xx_hal_hcd.c 0x00000000   Number         0  stm32h7xx_hal_hcd.o ABSOLUTE
    ..\..\Libraries\STM32H7xx_HAL_Driver\Src\stm32h7xx_hal_hrtim.c 0x00000000   Number         0  stm32h7xx_hal_hrtim.o ABSOLUTE
    ..\..\Libraries\STM32H7xx_HAL_Driver\Src\stm32h7xx_hal_hsem.c 0x00000000   Number         0  stm32h7xx_hal_hsem.o ABSOLUTE
    ..\..\Libraries\STM32H7xx_HAL_Driver\Src\stm32h7xx_hal_i2c.c 0x00000000   Number         0  stm32h7xx_hal_i2c.o ABSOLUTE
    ..\..\Libraries\STM32H7xx_HAL_Driver\Src\stm32h7xx_hal_i2c_ex.c 0x00000000   Number         0  stm32h7xx_hal_i2c_ex.o ABSOLUTE
    ..\..\Libraries\STM32H7xx_HAL_Driver\Src\stm32h7xx_hal_i2s.c 0x00000000   Number         0  stm32h7xx_hal_i2s.o ABSOLUTE
    ..\..\Libraries\STM32H7xx_HAL_Driver\Src\stm32h7xx_hal_i2s_ex.c 0x00000000   Number         0  stm32h7xx_hal_i2s_ex.o ABSOLUTE
    ..\..\Libraries\STM32H7xx_HAL_Driver\Src\stm32h7xx_hal_irda.c 0x00000000   Number         0  stm32h7xx_hal_irda.o ABSOLUTE
    ..\..\Libraries\STM32H7xx_HAL_Driver\Src\stm32h7xx_hal_iwdg.c 0x00000000   Number         0  stm32h7xx_hal_iwdg.o ABSOLUTE
    ..\..\Libraries\STM32H7xx_HAL_Driver\Src\stm32h7xx_hal_jpeg.c 0x00000000   Number         0  stm32h7xx_hal_jpeg.o ABSOLUTE
    ..\..\Libraries\STM32H7xx_HAL_Driver\Src\stm32h7xx_hal_lptim.c 0x00000000   Number         0  stm32h7xx_hal_lptim.o ABSOLUTE
    ..\..\Libraries\STM32H7xx_HAL_Driver\Src\stm32h7xx_hal_ltdc.c 0x00000000   Number         0  stm32h7xx_hal_ltdc.o ABSOLUTE
    ..\..\Libraries\STM32H7xx_HAL_Driver\Src\stm32h7xx_hal_mdios.c 0x00000000   Number         0  stm32h7xx_hal_mdios.o ABSOLUTE
    ..\..\Libraries\STM32H7xx_HAL_Driver\Src\stm32h7xx_hal_mdma.c 0x00000000   Number         0  stm32h7xx_hal_mdma.o ABSOLUTE
    ..\..\Libraries\STM32H7xx_HAL_Driver\Src\stm32h7xx_hal_mmc.c 0x00000000   Number         0  stm32h7xx_hal_mmc.o ABSOLUTE
    ..\..\Libraries\STM32H7xx_HAL_Driver\Src\stm32h7xx_hal_mmc_ex.c 0x00000000   Number         0  stm32h7xx_hal_mmc_ex.o ABSOLUTE
    ..\..\Libraries\STM32H7xx_HAL_Driver\Src\stm32h7xx_hal_nand.c 0x00000000   Number         0  stm32h7xx_hal_nand.o ABSOLUTE
    ..\..\Libraries\STM32H7xx_HAL_Driver\Src\stm32h7xx_hal_nor.c 0x00000000   Number         0  stm32h7xx_hal_nor.o ABSOLUTE
    ..\..\Libraries\STM32H7xx_HAL_Driver\Src\stm32h7xx_hal_opamp.c 0x00000000   Number         0  stm32h7xx_hal_opamp.o ABSOLUTE
    ..\..\Libraries\STM32H7xx_HAL_Driver\Src\stm32h7xx_hal_opamp_ex.c 0x00000000   Number         0  stm32h7xx_hal_opamp_ex.o ABSOLUTE
    ..\..\Libraries\STM32H7xx_HAL_Driver\Src\stm32h7xx_hal_pcd.c 0x00000000   Number         0  stm32h7xx_hal_pcd.o ABSOLUTE
    ..\..\Libraries\STM32H7xx_HAL_Driver\Src\stm32h7xx_hal_pcd_ex.c 0x00000000   Number         0  stm32h7xx_hal_pcd_ex.o ABSOLUTE
    ..\..\Libraries\STM32H7xx_HAL_Driver\Src\stm32h7xx_hal_pwr.c 0x00000000   Number         0  stm32h7xx_hal_pwr.o ABSOLUTE
    ..\..\Libraries\STM32H7xx_HAL_Driver\Src\stm32h7xx_hal_pwr_ex.c 0x00000000   Number         0  stm32h7xx_hal_pwr_ex.o ABSOLUTE
    ..\..\Libraries\STM32H7xx_HAL_Driver\Src\stm32h7xx_hal_qspi.c 0x00000000   Number         0  stm32h7xx_hal_qspi.o ABSOLUTE
    ..\..\Libraries\STM32H7xx_HAL_Driver\Src\stm32h7xx_hal_rcc.c 0x00000000   Number         0  stm32h7xx_hal_rcc.o ABSOLUTE
    ..\..\Libraries\STM32H7xx_HAL_Driver\Src\stm32h7xx_hal_rcc_ex.c 0x00000000   Number         0  stm32h7xx_hal_rcc_ex.o ABSOLUTE
    ..\..\Libraries\STM32H7xx_HAL_Driver\Src\stm32h7xx_hal_rng.c 0x00000000   Number         0  stm32h7xx_hal_rng.o ABSOLUTE
    ..\..\Libraries\STM32H7xx_HAL_Driver\Src\stm32h7xx_hal_rtc.c 0x00000000   Number         0  stm32h7xx_hal_rtc.o ABSOLUTE
    ..\..\Libraries\STM32H7xx_HAL_Driver\Src\stm32h7xx_hal_rtc_ex.c 0x00000000   Number         0  stm32h7xx_hal_rtc_ex.o ABSOLUTE
    ..\..\Libraries\STM32H7xx_HAL_Driver\Src\stm32h7xx_hal_sai.c 0x00000000   Number         0  stm32h7xx_hal_sai.o ABSOLUTE
    ..\..\Libraries\STM32H7xx_HAL_Driver\Src\stm32h7xx_hal_sai_ex.c 0x00000000   Number         0  stm32h7xx_hal_sai_ex.o ABSOLUTE
    ..\..\Libraries\STM32H7xx_HAL_Driver\Src\stm32h7xx_hal_sd.c 0x00000000   Number         0  stm32h7xx_hal_sd.o ABSOLUTE
    ..\..\Libraries\STM32H7xx_HAL_Driver\Src\stm32h7xx_hal_sd_ex.c 0x00000000   Number         0  stm32h7xx_hal_sd_ex.o ABSOLUTE
    ..\..\Libraries\STM32H7xx_HAL_Driver\Src\stm32h7xx_hal_sdram.c 0x00000000   Number         0  stm32h7xx_hal_sdram.o ABSOLUTE
    ..\..\Libraries\STM32H7xx_HAL_Driver\Src\stm32h7xx_hal_smartcard.c 0x00000000   Number         0  stm32h7xx_hal_smartcard.o ABSOLUTE
    ..\..\Libraries\STM32H7xx_HAL_Driver\Src\stm32h7xx_hal_smartcard_ex.c 0x00000000   Number         0  stm32h7xx_hal_smartcard_ex.o ABSOLUTE
    ..\..\Libraries\STM32H7xx_HAL_Driver\Src\stm32h7xx_hal_smbus.c 0x00000000   Number         0  stm32h7xx_hal_smbus.o ABSOLUTE
    ..\..\Libraries\STM32H7xx_HAL_Driver\Src\stm32h7xx_hal_spdifrx.c 0x00000000   Number         0  stm32h7xx_hal_spdifrx.o ABSOLUTE
    ..\..\Libraries\STM32H7xx_HAL_Driver\Src\stm32h7xx_hal_spi.c 0x00000000   Number         0  stm32h7xx_hal_spi.o ABSOLUTE
    ..\..\Libraries\STM32H7xx_HAL_Driver\Src\stm32h7xx_hal_spi_ex.c 0x00000000   Number         0  stm32h7xx_hal_spi_ex.o ABSOLUTE
    ..\..\Libraries\STM32H7xx_HAL_Driver\Src\stm32h7xx_hal_sram.c 0x00000000   Number         0  stm32h7xx_hal_sram.o ABSOLUTE
    ..\..\Libraries\STM32H7xx_HAL_Driver\Src\stm32h7xx_hal_swpmi.c 0x00000000   Number         0  stm32h7xx_hal_swpmi.o ABSOLUTE
    ..\..\Libraries\STM32H7xx_HAL_Driver\Src\stm32h7xx_hal_tim.c 0x00000000   Number         0  stm32h7xx_hal_tim.o ABSOLUTE
    ..\..\Libraries\STM32H7xx_HAL_Driver\Src\stm32h7xx_hal_tim_ex.c 0x00000000   Number         0  stm32h7xx_hal_tim_ex.o ABSOLUTE
    ..\..\Libraries\STM32H7xx_HAL_Driver\Src\stm32h7xx_hal_uart.c 0x00000000   Number         0  stm32h7xx_hal_uart.o ABSOLUTE
    ..\..\Libraries\STM32H7xx_HAL_Driver\Src\stm32h7xx_hal_uart_ex.c 0x00000000   Number         0  stm32h7xx_hal_uart_ex.o ABSOLUTE
    ..\..\Libraries\STM32H7xx_HAL_Driver\Src\stm32h7xx_hal_usart.c 0x00000000   Number         0  stm32h7xx_hal_usart.o ABSOLUTE
    ..\..\Libraries\STM32H7xx_HAL_Driver\Src\stm32h7xx_hal_wwdg.c 0x00000000   Number         0  stm32h7xx_hal_wwdg.o ABSOLUTE
    ..\..\Libraries\STM32H7xx_HAL_Driver\Src\stm32h7xx_ll_delayblock.c 0x00000000   Number         0  stm32h7xx_ll_delayblock.o ABSOLUTE
    ..\..\Libraries\STM32H7xx_HAL_Driver\Src\stm32h7xx_ll_fmc.c 0x00000000   Number         0  stm32h7xx_ll_fmc.o ABSOLUTE
    ..\..\Libraries\STM32H7xx_HAL_Driver\Src\stm32h7xx_ll_sdmmc.c 0x00000000   Number         0  stm32h7xx_ll_sdmmc.o ABSOLUTE
    ..\..\Libraries\STM32H7xx_HAL_Driver\Src\stm32h7xx_ll_usb.c 0x00000000   Number         0  stm32h7xx_ll_usb.o ABSOLUTE
    ..\..\RT-Thread\3.1.3\libcpu\arm\cortex-m7\context_rvds.S 0x00000000   Number         0  context_rvds.o ABSOLUTE
    ..\..\RT-Thread\3.1.3\libcpu\arm\cortex-m7\cpu_cache.c 0x00000000   Number         0  cpu_cache.o ABSOLUTE
    ..\..\RT-Thread\3.1.3\libcpu\arm\cortex-m7\cpuport.c 0x00000000   Number         0  cpuport.o ABSOLUTE
    ..\..\RT-Thread\3.1.3\src\clock.c        0x00000000   Number         0  clock.o ABSOLUTE
    ..\..\RT-Thread\3.1.3\src\components.c   0x00000000   Number         0  components.o ABSOLUTE
    ..\..\RT-Thread\3.1.3\src\cpu.c          0x00000000   Number         0  cpu.o ABSOLUTE
    ..\..\RT-Thread\3.1.3\src\idle.c         0x00000000   Number         0  idle.o ABSOLUTE
    ..\..\RT-Thread\3.1.3\src\ipc.c          0x00000000   Number         0  ipc.o ABSOLUTE
    ..\..\RT-Thread\3.1.3\src\irq.c          0x00000000   Number         0  irq.o ABSOLUTE
    ..\..\RT-Thread\3.1.3\src\kservice.c     0x00000000   Number         0  kservice.o ABSOLUTE
    ..\..\RT-Thread\3.1.3\src\mem.c          0x00000000   Number         0  mem.o ABSOLUTE
    ..\..\RT-Thread\3.1.3\src\memheap.c      0x00000000   Number         0  memheap.o ABSOLUTE
    ..\..\RT-Thread\3.1.3\src\mempool.c      0x00000000   Number         0  mempool.o ABSOLUTE
    ..\..\RT-Thread\3.1.3\src\object.c       0x00000000   Number         0  object.o ABSOLUTE
    ..\..\RT-Thread\3.1.3\src\scheduler.c    0x00000000   Number         0  scheduler.o ABSOLUTE
    ..\..\RT-Thread\3.1.3\src\slab.c         0x00000000   Number         0  slab.o ABSOLUTE
    ..\..\RT-Thread\3.1.3\src\thread.c       0x00000000   Number         0  thread.o ABSOLUTE
    ..\..\RT-Thread\3.1.3\src\timer.c        0x00000000   Number         0  timer.o ABSOLUTE
    ..\..\User\board.c                       0x00000000   Number         0  board.o ABSOLUTE
    ..\..\User\delay\core_delay.c            0x00000000   Number         0  core_delay.o ABSOLUTE
    ..\..\User\led\bsp_led.c                 0x00000000   Number         0  bsp_led.o ABSOLUTE
    ..\..\User\main.c                        0x00000000   Number         0  main.o ABSOLUTE
    ..\..\User\stm32h7xx_it.c                0x00000000   Number         0  stm32h7xx_it.o ABSOLUTE
    ..\\..\\Libraries\\CMSIS\\Device\\ST\\STM32H7xx\\Source\\Templates\\system_stm32h7xx.c 0x00000000   Number         0  system_stm32h7xx.o ABSOLUTE
    ..\\..\\Libraries\\STM32H7xx_HAL_Driver\\Src\\stm32h7xx_hal.c 0x00000000   Number         0  stm32h7xx_hal.o ABSOLUTE
    ..\\..\\Libraries\\STM32H7xx_HAL_Driver\\Src\\stm32h7xx_hal_adc.c 0x00000000   Number         0  stm32h7xx_hal_adc.o ABSOLUTE
    ..\\..\\Libraries\\STM32H7xx_HAL_Driver\\Src\\stm32h7xx_hal_adc_ex.c 0x00000000   Number         0  stm32h7xx_hal_adc_ex.o ABSOLUTE
    ..\\..\\Libraries\\STM32H7xx_HAL_Driver\\Src\\stm32h7xx_hal_cec.c 0x00000000   Number         0  stm32h7xx_hal_cec.o ABSOLUTE
    ..\\..\\Libraries\\STM32H7xx_HAL_Driver\\Src\\stm32h7xx_hal_comp.c 0x00000000   Number         0  stm32h7xx_hal_comp.o ABSOLUTE
    ..\\..\\Libraries\\STM32H7xx_HAL_Driver\\Src\\stm32h7xx_hal_cortex.c 0x00000000   Number         0  stm32h7xx_hal_cortex.o ABSOLUTE
    ..\\..\\Libraries\\STM32H7xx_HAL_Driver\\Src\\stm32h7xx_hal_crc.c 0x00000000   Number         0  stm32h7xx_hal_crc.o ABSOLUTE
    ..\\..\\Libraries\\STM32H7xx_HAL_Driver\\Src\\stm32h7xx_hal_crc_ex.c 0x00000000   Number         0  stm32h7xx_hal_crc_ex.o ABSOLUTE
    ..\\..\\Libraries\\STM32H7xx_HAL_Driver\\Src\\stm32h7xx_hal_cryp.c 0x00000000   Number         0  stm32h7xx_hal_cryp.o ABSOLUTE
    ..\\..\\Libraries\\STM32H7xx_HAL_Driver\\Src\\stm32h7xx_hal_cryp_ex.c 0x00000000   Number         0  stm32h7xx_hal_cryp_ex.o ABSOLUTE
    ..\\..\\Libraries\\STM32H7xx_HAL_Driver\\Src\\stm32h7xx_hal_dac.c 0x00000000   Number         0  stm32h7xx_hal_dac.o ABSOLUTE
    ..\\..\\Libraries\\STM32H7xx_HAL_Driver\\Src\\stm32h7xx_hal_dac_ex.c 0x00000000   Number         0  stm32h7xx_hal_dac_ex.o ABSOLUTE
    ..\\..\\Libraries\\STM32H7xx_HAL_Driver\\Src\\stm32h7xx_hal_dcmi.c 0x00000000   Number         0  stm32h7xx_hal_dcmi.o ABSOLUTE
    ..\\..\\Libraries\\STM32H7xx_HAL_Driver\\Src\\stm32h7xx_hal_dfsdm.c 0x00000000   Number         0  stm32h7xx_hal_dfsdm.o ABSOLUTE
    ..\\..\\Libraries\\STM32H7xx_HAL_Driver\\Src\\stm32h7xx_hal_dma.c 0x00000000   Number         0  stm32h7xx_hal_dma.o ABSOLUTE
    ..\\..\\Libraries\\STM32H7xx_HAL_Driver\\Src\\stm32h7xx_hal_dma2d.c 0x00000000   Number         0  stm32h7xx_hal_dma2d.o ABSOLUTE
    ..\\..\\Libraries\\STM32H7xx_HAL_Driver\\Src\\stm32h7xx_hal_dma_ex.c 0x00000000   Number         0  stm32h7xx_hal_dma_ex.o ABSOLUTE
    ..\\..\\Libraries\\STM32H7xx_HAL_Driver\\Src\\stm32h7xx_hal_eth.c 0x00000000   Number         0  stm32h7xx_hal_eth.o ABSOLUTE
    ..\\..\\Libraries\\STM32H7xx_HAL_Driver\\Src\\stm32h7xx_hal_eth_ex.c 0x00000000   Number         0  stm32h7xx_hal_eth_ex.o ABSOLUTE
    ..\\..\\Libraries\\STM32H7xx_HAL_Driver\\Src\\stm32h7xx_hal_fdcan.c 0x00000000   Number         0  stm32h7xx_hal_fdcan.o ABSOLUTE
    ..\\..\\Libraries\\STM32H7xx_HAL_Driver\\Src\\stm32h7xx_hal_flash.c 0x00000000   Number         0  stm32h7xx_hal_flash.o ABSOLUTE
    ..\\..\\Libraries\\STM32H7xx_HAL_Driver\\Src\\stm32h7xx_hal_flash_ex.c 0x00000000   Number         0  stm32h7xx_hal_flash_ex.o ABSOLUTE
    ..\\..\\Libraries\\STM32H7xx_HAL_Driver\\Src\\stm32h7xx_hal_gpio.c 0x00000000   Number         0  stm32h7xx_hal_gpio.o ABSOLUTE
    ..\\..\\Libraries\\STM32H7xx_HAL_Driver\\Src\\stm32h7xx_hal_hash.c 0x00000000   Number         0  stm32h7xx_hal_hash.o ABSOLUTE
    ..\\..\\Libraries\\STM32H7xx_HAL_Driver\\Src\\stm32h7xx_hal_hash_ex.c 0x00000000   Number         0  stm32h7xx_hal_hash_ex.o ABSOLUTE
    ..\\..\\Libraries\\STM32H7xx_HAL_Driver\\Src\\stm32h7xx_hal_hcd.c 0x00000000   Number         0  stm32h7xx_hal_hcd.o ABSOLUTE
    ..\\..\\Libraries\\STM32H7xx_HAL_Driver\\Src\\stm32h7xx_hal_hrtim.c 0x00000000   Number         0  stm32h7xx_hal_hrtim.o ABSOLUTE
    ..\\..\\Libraries\\STM32H7xx_HAL_Driver\\Src\\stm32h7xx_hal_hsem.c 0x00000000   Number         0  stm32h7xx_hal_hsem.o ABSOLUTE
    ..\\..\\Libraries\\STM32H7xx_HAL_Driver\\Src\\stm32h7xx_hal_i2c.c 0x00000000   Number         0  stm32h7xx_hal_i2c.o ABSOLUTE
    ..\\..\\Libraries\\STM32H7xx_HAL_Driver\\Src\\stm32h7xx_hal_i2c_ex.c 0x00000000   Number         0  stm32h7xx_hal_i2c_ex.o ABSOLUTE
    ..\\..\\Libraries\\STM32H7xx_HAL_Driver\\Src\\stm32h7xx_hal_i2s.c 0x00000000   Number         0  stm32h7xx_hal_i2s.o ABSOLUTE
    ..\\..\\Libraries\\STM32H7xx_HAL_Driver\\Src\\stm32h7xx_hal_i2s_ex.c 0x00000000   Number         0  stm32h7xx_hal_i2s_ex.o ABSOLUTE
    ..\\..\\Libraries\\STM32H7xx_HAL_Driver\\Src\\stm32h7xx_hal_irda.c 0x00000000   Number         0  stm32h7xx_hal_irda.o ABSOLUTE
    ..\\..\\Libraries\\STM32H7xx_HAL_Driver\\Src\\stm32h7xx_hal_iwdg.c 0x00000000   Number         0  stm32h7xx_hal_iwdg.o ABSOLUTE
    ..\\..\\Libraries\\STM32H7xx_HAL_Driver\\Src\\stm32h7xx_hal_jpeg.c 0x00000000   Number         0  stm32h7xx_hal_jpeg.o ABSOLUTE
    ..\\..\\Libraries\\STM32H7xx_HAL_Driver\\Src\\stm32h7xx_hal_lptim.c 0x00000000   Number         0  stm32h7xx_hal_lptim.o ABSOLUTE
    ..\\..\\Libraries\\STM32H7xx_HAL_Driver\\Src\\stm32h7xx_hal_ltdc.c 0x00000000   Number         0  stm32h7xx_hal_ltdc.o ABSOLUTE
    ..\\..\\Libraries\\STM32H7xx_HAL_Driver\\Src\\stm32h7xx_hal_mdios.c 0x00000000   Number         0  stm32h7xx_hal_mdios.o ABSOLUTE
    ..\\..\\Libraries\\STM32H7xx_HAL_Driver\\Src\\stm32h7xx_hal_mdma.c 0x00000000   Number         0  stm32h7xx_hal_mdma.o ABSOLUTE
    ..\\..\\Libraries\\STM32H7xx_HAL_Driver\\Src\\stm32h7xx_hal_mmc.c 0x00000000   Number         0  stm32h7xx_hal_mmc.o ABSOLUTE
    ..\\..\\Libraries\\STM32H7xx_HAL_Driver\\Src\\stm32h7xx_hal_mmc_ex.c 0x00000000   Number         0  stm32h7xx_hal_mmc_ex.o ABSOLUTE
    ..\\..\\Libraries\\STM32H7xx_HAL_Driver\\Src\\stm32h7xx_hal_nand.c 0x00000000   Number         0  stm32h7xx_hal_nand.o ABSOLUTE
    ..\\..\\Libraries\\STM32H7xx_HAL_Driver\\Src\\stm32h7xx_hal_nor.c 0x00000000   Number         0  stm32h7xx_hal_nor.o ABSOLUTE
    ..\\..\\Libraries\\STM32H7xx_HAL_Driver\\Src\\stm32h7xx_hal_opamp.c 0x00000000   Number         0  stm32h7xx_hal_opamp.o ABSOLUTE
    ..\\..\\Libraries\\STM32H7xx_HAL_Driver\\Src\\stm32h7xx_hal_opamp_ex.c 0x00000000   Number         0  stm32h7xx_hal_opamp_ex.o ABSOLUTE
    ..\\..\\Libraries\\STM32H7xx_HAL_Driver\\Src\\stm32h7xx_hal_pcd.c 0x00000000   Number         0  stm32h7xx_hal_pcd.o ABSOLUTE
    ..\\..\\Libraries\\STM32H7xx_HAL_Driver\\Src\\stm32h7xx_hal_pcd_ex.c 0x00000000   Number         0  stm32h7xx_hal_pcd_ex.o ABSOLUTE
    ..\\..\\Libraries\\STM32H7xx_HAL_Driver\\Src\\stm32h7xx_hal_pwr.c 0x00000000   Number         0  stm32h7xx_hal_pwr.o ABSOLUTE
    ..\\..\\Libraries\\STM32H7xx_HAL_Driver\\Src\\stm32h7xx_hal_pwr_ex.c 0x00000000   Number         0  stm32h7xx_hal_pwr_ex.o ABSOLUTE
    ..\\..\\Libraries\\STM32H7xx_HAL_Driver\\Src\\stm32h7xx_hal_qspi.c 0x00000000   Number         0  stm32h7xx_hal_qspi.o ABSOLUTE
    ..\\..\\Libraries\\STM32H7xx_HAL_Driver\\Src\\stm32h7xx_hal_rcc.c 0x00000000   Number         0  stm32h7xx_hal_rcc.o ABSOLUTE
    ..\\..\\Libraries\\STM32H7xx_HAL_Driver\\Src\\stm32h7xx_hal_rcc_ex.c 0x00000000   Number         0  stm32h7xx_hal_rcc_ex.o ABSOLUTE
    ..\\..\\Libraries\\STM32H7xx_HAL_Driver\\Src\\stm32h7xx_hal_rng.c 0x00000000   Number         0  stm32h7xx_hal_rng.o ABSOLUTE
    ..\\..\\Libraries\\STM32H7xx_HAL_Driver\\Src\\stm32h7xx_hal_rtc.c 0x00000000   Number         0  stm32h7xx_hal_rtc.o ABSOLUTE
    ..\\..\\Libraries\\STM32H7xx_HAL_Driver\\Src\\stm32h7xx_hal_rtc_ex.c 0x00000000   Number         0  stm32h7xx_hal_rtc_ex.o ABSOLUTE
    ..\\..\\Libraries\\STM32H7xx_HAL_Driver\\Src\\stm32h7xx_hal_sai.c 0x00000000   Number         0  stm32h7xx_hal_sai.o ABSOLUTE
    ..\\..\\Libraries\\STM32H7xx_HAL_Driver\\Src\\stm32h7xx_hal_sai_ex.c 0x00000000   Number         0  stm32h7xx_hal_sai_ex.o ABSOLUTE
    ..\\..\\Libraries\\STM32H7xx_HAL_Driver\\Src\\stm32h7xx_hal_sd.c 0x00000000   Number         0  stm32h7xx_hal_sd.o ABSOLUTE
    ..\\..\\Libraries\\STM32H7xx_HAL_Driver\\Src\\stm32h7xx_hal_sd_ex.c 0x00000000   Number         0  stm32h7xx_hal_sd_ex.o ABSOLUTE
    ..\\..\\Libraries\\STM32H7xx_HAL_Driver\\Src\\stm32h7xx_hal_sdram.c 0x00000000   Number         0  stm32h7xx_hal_sdram.o ABSOLUTE
    ..\\..\\Libraries\\STM32H7xx_HAL_Driver\\Src\\stm32h7xx_hal_smartcard.c 0x00000000   Number         0  stm32h7xx_hal_smartcard.o ABSOLUTE
    ..\\..\\Libraries\\STM32H7xx_HAL_Driver\\Src\\stm32h7xx_hal_smartcard_ex.c 0x00000000   Number         0  stm32h7xx_hal_smartcard_ex.o ABSOLUTE
    ..\\..\\Libraries\\STM32H7xx_HAL_Driver\\Src\\stm32h7xx_hal_smbus.c 0x00000000   Number         0  stm32h7xx_hal_smbus.o ABSOLUTE
    ..\\..\\Libraries\\STM32H7xx_HAL_Driver\\Src\\stm32h7xx_hal_spdifrx.c 0x00000000   Number         0  stm32h7xx_hal_spdifrx.o ABSOLUTE
    ..\\..\\Libraries\\STM32H7xx_HAL_Driver\\Src\\stm32h7xx_hal_spi.c 0x00000000   Number         0  stm32h7xx_hal_spi.o ABSOLUTE
    ..\\..\\Libraries\\STM32H7xx_HAL_Driver\\Src\\stm32h7xx_hal_spi_ex.c 0x00000000   Number         0  stm32h7xx_hal_spi_ex.o ABSOLUTE
    ..\\..\\Libraries\\STM32H7xx_HAL_Driver\\Src\\stm32h7xx_hal_sram.c 0x00000000   Number         0  stm32h7xx_hal_sram.o ABSOLUTE
    ..\\..\\Libraries\\STM32H7xx_HAL_Driver\\Src\\stm32h7xx_hal_swpmi.c 0x00000000   Number         0  stm32h7xx_hal_swpmi.o ABSOLUTE
    ..\\..\\Libraries\\STM32H7xx_HAL_Driver\\Src\\stm32h7xx_hal_tim.c 0x00000000   Number         0  stm32h7xx_hal_tim.o ABSOLUTE
    ..\\..\\Libraries\\STM32H7xx_HAL_Driver\\Src\\stm32h7xx_hal_tim_ex.c 0x00000000   Number         0  stm32h7xx_hal_tim_ex.o ABSOLUTE
    ..\\..\\Libraries\\STM32H7xx_HAL_Driver\\Src\\stm32h7xx_hal_uart.c 0x00000000   Number         0  stm32h7xx_hal_uart.o ABSOLUTE
    ..\\..\\Libraries\\STM32H7xx_HAL_Driver\\Src\\stm32h7xx_hal_uart_ex.c 0x00000000   Number         0  stm32h7xx_hal_uart_ex.o ABSOLUTE
    ..\\..\\Libraries\\STM32H7xx_HAL_Driver\\Src\\stm32h7xx_hal_usart.c 0x00000000   Number         0  stm32h7xx_hal_usart.o ABSOLUTE
    ..\\..\\Libraries\\STM32H7xx_HAL_Driver\\Src\\stm32h7xx_hal_wwdg.c 0x00000000   Number         0  stm32h7xx_hal_wwdg.o ABSOLUTE
    ..\\..\\Libraries\\STM32H7xx_HAL_Driver\\Src\\stm32h7xx_ll_delayblock.c 0x00000000   Number         0  stm32h7xx_ll_delayblock.o ABSOLUTE
    ..\\..\\Libraries\\STM32H7xx_HAL_Driver\\Src\\stm32h7xx_ll_fmc.c 0x00000000   Number         0  stm32h7xx_ll_fmc.o ABSOLUTE
    ..\\..\\Libraries\\STM32H7xx_HAL_Driver\\Src\\stm32h7xx_ll_sdmmc.c 0x00000000   Number         0  stm32h7xx_ll_sdmmc.o ABSOLUTE
    ..\\..\\Libraries\\STM32H7xx_HAL_Driver\\Src\\stm32h7xx_ll_usb.c 0x00000000   Number         0  stm32h7xx_ll_usb.o ABSOLUTE
    ..\\..\\RT-Thread\\3.1.3\\libcpu\\arm\\cortex-m7\\cpu_cache.c 0x00000000   Number         0  cpu_cache.o ABSOLUTE
    ..\\..\\User\\board.c                    0x00000000   Number         0  board.o ABSOLUTE
    ..\\..\\User\\delay\\core_delay.c        0x00000000   Number         0  core_delay.o ABSOLUTE
    ..\\..\\User\\led\\bsp_led.c             0x00000000   Number         0  bsp_led.o ABSOLUTE
    ..\\..\\User\\main.c                     0x00000000   Number         0  main.o ABSOLUTE
    ..\\..\\User\\stm32h7xx_it.c             0x00000000   Number         0  stm32h7xx_it.o ABSOLUTE
    dc.s                                     0x00000000   Number         0  dc.o ABSOLUTE
    handlers.s                               0x00000000   Number         0  handlers.o ABSOLUTE
    init.s                                   0x00000000   Number         0  init.o ABSOLUTE
    RESET                                    0x08000000   Section      664  startup_stm32h743xx.o(RESET)
    .ARM.Collect$$$$00000000                 0x08000298   Section        0  entry.o(.ARM.Collect$$$$00000000)
    .ARM.Collect$$$$00000001                 0x08000298   Section        4  entry2.o(.ARM.Collect$$$$00000001)
    .ARM.Collect$$$$00000004                 0x0800029c   Section        4  entry5.o(.ARM.Collect$$$$00000004)
    .ARM.Collect$$$$00000008                 0x080002a0   Section        0  entry7b.o(.ARM.Collect$$$$00000008)
    .ARM.Collect$$$$0000000A                 0x080002a0   Section        0  entry8b.o(.ARM.Collect$$$$0000000A)
    .ARM.Collect$$$$0000000B                 0x080002a0   Section        8  entry9a.o(.ARM.Collect$$$$0000000B)
    .ARM.Collect$$$$0000000D                 0x080002a8   Section        0  entry10a.o(.ARM.Collect$$$$0000000D)
    .ARM.Collect$$$$0000000F                 0x080002a8   Section        0  entry11a.o(.ARM.Collect$$$$0000000F)
    .ARM.Collect$$$$00002712                 0x080002a8   Section        4  entry2.o(.ARM.Collect$$$$00002712)
    __lit__00000000                          0x080002a8   Data           4  entry2.o(.ARM.Collect$$$$00002712)
    .text                                    0x080002ac   Section       36  startup_stm32h743xx.o(.text)
    $v0                                      0x080002ac   Number         0  startup_stm32h743xx.o(.text)
    .text                                    0x080002d0   Section      308  context_rvds.o(.text)
    $v0                                      0x080002d0   Number         0  context_rvds.o(.text)
    .text                                    0x08000404   Section       36  init.o(.text)
    i.$Sub$$main                             0x08000428   Section        0  components.o(i.$Sub$$main)
    i.BusFault_Handler                       0x08000432   Section        0  stm32h7xx_it.o(i.BusFault_Handler)
    i.DebugMon_Handler                       0x08000436   Section        0  stm32h7xx_it.o(i.DebugMon_Handler)
    i.HAL_GPIO_Init                          0x08000438   Section        0  stm32h7xx_hal_gpio.o(i.HAL_GPIO_Init)
    i.HAL_GetTick                            0x08000684   Section        0  core_delay.o(i.HAL_GetTick)
    i.HAL_InitTick                           0x080006a0   Section        0  core_delay.o(i.HAL_InitTick)
    i.HAL_RCC_ClockConfig                    0x080006cc   Section        0  stm32h7xx_hal_rcc.o(i.HAL_RCC_ClockConfig)
    i.HAL_RCC_GetSysClockFreq                0x0800091c   Section        0  stm32h7xx_hal_rcc.o(i.HAL_RCC_GetSysClockFreq)
    i.HAL_RCC_OscConfig                      0x08000b60   Section        0  stm32h7xx_hal_rcc.o(i.HAL_RCC_OscConfig)
    i.HAL_SYSTICK_Config                     0x0800121c   Section        0  stm32h7xx_hal_cortex.o(i.HAL_SYSTICK_Config)
    i.LED_GPIO_Config                        0x08001250   Section        0  bsp_led.o(i.LED_GPIO_Config)
    i.NMI_Handler                            0x080012f8   Section        0  stm32h7xx_it.o(i.NMI_Handler)
    i.SVC_Handler                            0x080012fa   Section        0  stm32h7xx_it.o(i.SVC_Handler)
    i.SysTick_Handler                        0x080012fc   Section        0  board.o(i.SysTick_Handler)
    i.SystemClock_Config                     0x0800130c   Section        0  board.o(i.SystemClock_Config)
    SystemClock_Config                       0x0800130d   Thumb Code   184  board.o(i.SystemClock_Config)
    i.SystemInit                             0x080013c8   Section        0  system_stm32h7xx.o(i.SystemInit)
    i.UsageFault_Handler                     0x0800145c   Section        0  stm32h7xx_it.o(i.UsageFault_Handler)
    i.__NVIC_SetPriority                     0x08001460   Section        0  stm32h7xx_hal_cortex.o(i.__NVIC_SetPriority)
    __NVIC_SetPriority                       0x08001461   Thumb Code    32  stm32h7xx_hal_cortex.o(i.__NVIC_SetPriority)
    i.__rt_ffs                               0x08001488   Section        0  kservice.o(i.__rt_ffs)
    i.__scatterload_copy                     0x080014d4   Section       14  handlers.o(i.__scatterload_copy)
    i.__scatterload_null                     0x080014e2   Section        2  handlers.o(i.__scatterload_null)
    i.__scatterload_zeroinit                 0x080014e4   Section       14  handlers.o(i.__scatterload_zeroinit)
    i._has_defunct_thread                    0x080014f4   Section        0  idle.o(i._has_defunct_thread)
    _has_defunct_thread                      0x080014f5   Thumb Code    16  idle.o(i._has_defunct_thread)
    i._rt_thread_init                        0x08001508   Section        0  thread.o(i._rt_thread_init)
    _rt_thread_init                          0x08001509   Thumb Code   124  thread.o(i._rt_thread_init)
    i._rt_timer_init                         0x0800158c   Section        0  timer.o(i._rt_timer_init)
    _rt_timer_init                           0x0800158d   Thumb Code    66  timer.o(i._rt_timer_init)
    i._rt_timer_remove                       0x080015ce   Section        0  timer.o(i._rt_timer_remove)
    _rt_timer_remove                         0x080015cf   Thumb Code    46  timer.o(i._rt_timer_remove)
    i.led1_thread_entry                      0x080015fc   Section        0  main.o(i.led1_thread_entry)
    led1_thread_entry                        0x080015fd   Thumb Code    34  main.o(i.led1_thread_entry)
    i.main                                   0x08001624   Section        0  main.o(i.main)
    i.main_thread_entry                      0x08001664   Section        0  components.o(i.main_thread_entry)
    i.print_number                           0x08001674   Section        0  kservice.o(i.print_number)
    print_number                             0x08001675   Thumb Code   400  kservice.o(i.print_number)
    i.rt_application_init                    0x0800180c   Section        0  components.o(i.rt_application_init)
    i.rt_components_board_init               0x0800184c   Section        0  components.o(i.rt_components_board_init)
    i.rt_components_init                     0x08001868   Section        0  components.o(i.rt_components_init)
    i.rt_enter_critical                      0x08001884   Section        0  scheduler.o(i.rt_enter_critical)
    i.rt_exit_critical                       0x080018a4   Section        0  scheduler.o(i.rt_exit_critical)
    i.rt_hw_board_init                       0x080018e8   Section        0  board.o(i.rt_hw_board_init)
    i.rt_hw_console_output                   0x0800190a   Section        0  kservice.o(i.rt_hw_console_output)
    i.rt_hw_hard_fault_exception             0x0800190c   Section        0  cpuport.o(i.rt_hw_hard_fault_exception)
    i.rt_hw_stack_init                       0x08001b30   Section        0  cpuport.o(i.rt_hw_stack_init)
    i.rt_interrupt_enter                     0x08001b80   Section        0  irq.o(i.rt_interrupt_enter)
    i.rt_interrupt_leave                     0x08001ba0   Section        0  irq.o(i.rt_interrupt_leave)
    i.rt_kprintf                             0x08001bc0   Section        0  kservice.o(i.rt_kprintf)
    i.rt_list_init                           0x08001bf0   Section        0  scheduler.o(i.rt_list_init)
    rt_list_init                             0x08001bf1   Thumb Code     6  scheduler.o(i.rt_list_init)
    i.rt_list_init                           0x08001bf6   Section        0  timer.o(i.rt_list_init)
    rt_list_init                             0x08001bf7   Thumb Code     6  timer.o(i.rt_list_init)
    i.rt_list_insert_after                   0x08001bfc   Section        0  thread.o(i.rt_list_insert_after)
    rt_list_insert_after                     0x08001bfd   Thumb Code    14  thread.o(i.rt_list_insert_after)
    i.rt_list_insert_after                   0x08001c0a   Section        0  timer.o(i.rt_list_insert_after)
    rt_list_insert_after                     0x08001c0b   Thumb Code    14  timer.o(i.rt_list_insert_after)
    i.rt_list_isempty                        0x08001c18   Section        0  timer.o(i.rt_list_isempty)
    rt_list_isempty                          0x08001c19   Thumb Code    16  timer.o(i.rt_list_isempty)
    i.rt_list_remove                         0x08001c28   Section        0  thread.o(i.rt_list_remove)
    rt_list_remove                           0x08001c29   Thumb Code    18  thread.o(i.rt_list_remove)
    i.rt_memset                              0x08001c3a   Section        0  kservice.o(i.rt_memset)
    i.rt_object_detach                       0x08001c82   Section        0  object.o(i.rt_object_detach)
    i.rt_object_get_information              0x08001cb0   Section        0  object.o(i.rt_object_get_information)
    i.rt_object_init                         0x08001cd8   Section        0  object.o(i.rt_object_init)
    i.rt_object_is_systemobject              0x08001d38   Section        0  object.o(i.rt_object_is_systemobject)
    i.rt_schedule                            0x08001d4c   Section        0  scheduler.o(i.rt_schedule)
    i.rt_schedule_insert_thread              0x08001dd0   Section        0  scheduler.o(i.rt_schedule_insert_thread)
    i.rt_schedule_remove_thread              0x08001e20   Section        0  scheduler.o(i.rt_schedule_remove_thread)
    i.rt_show_version                        0x08001e74   Section        0  kservice.o(i.rt_show_version)
    i.rt_strlen                              0x08001f24   Section        0  kservice.o(i.rt_strlen)
    i.rt_strncpy                             0x08001f36   Section        0  kservice.o(i.rt_strncpy)
    i.rt_system_scheduler_init               0x08001f6c   Section        0  scheduler.o(i.rt_system_scheduler_init)
    i.rt_system_scheduler_start              0x08001fb8   Section        0  scheduler.o(i.rt_system_scheduler_start)
    i.rt_system_timer_init                   0x08001fe8   Section        0  timer.o(i.rt_system_timer_init)
    i.rt_system_timer_thread_init            0x08002004   Section        0  timer.o(i.rt_system_timer_thread_init)
    i.rt_thread_delay                        0x08002006   Section        0  thread.o(i.rt_thread_delay)
    i.rt_thread_exit                         0x08002014   Section        0  thread.o(i.rt_thread_exit)
    i.rt_thread_idle_entry                   0x08002068   Section        0  idle.o(i.rt_thread_idle_entry)
    rt_thread_idle_entry                     0x08002069   Thumb Code     8  idle.o(i.rt_thread_idle_entry)
    i.rt_thread_idle_excute                  0x08002070   Section        0  idle.o(i.rt_thread_idle_excute)
    i.rt_thread_idle_init                    0x080020f0   Section        0  idle.o(i.rt_thread_idle_init)
    i.rt_thread_init                         0x0800212c   Section        0  thread.o(i.rt_thread_init)
    i.rt_thread_resume                       0x08002160   Section        0  thread.o(i.rt_thread_resume)
    i.rt_thread_self                         0x0800219c   Section        0  thread.o(i.rt_thread_self)
    i.rt_thread_sleep                        0x080021a8   Section        0  thread.o(i.rt_thread_sleep)
    i.rt_thread_startup                      0x080021ec   Section        0  thread.o(i.rt_thread_startup)
    i.rt_thread_suspend                      0x08002218   Section        0  thread.o(i.rt_thread_suspend)
    i.rt_thread_timeout                      0x0800225c   Section        0  thread.o(i.rt_thread_timeout)
    i.rt_thread_yield                        0x0800227c   Section        0  thread.o(i.rt_thread_yield)
    i.rt_tick_get                            0x080022e0   Section        0  clock.o(i.rt_tick_get)
    i.rt_tick_increase                       0x080022ec   Section        0  clock.o(i.rt_tick_increase)
    i.rt_timer_check                         0x0800231c   Section        0  timer.o(i.rt_timer_check)
    i.rt_timer_control                       0x08002398   Section        0  timer.o(i.rt_timer_control)
    i.rt_timer_detach                        0x080023d0   Section        0  timer.o(i.rt_timer_detach)
    i.rt_timer_init                          0x080023f0   Section        0  timer.o(i.rt_timer_init)
    i.rt_timer_start                         0x08002420   Section        0  timer.o(i.rt_timer_start)
    i.rt_timer_stop                          0x08002518   Section        0  timer.o(i.rt_timer_stop)
    i.rt_vsnprintf                           0x08002548   Section        0  kservice.o(i.rt_vsnprintf)
    i.rti_board_end                          0x08002878   Section        0  components.o(i.rti_board_end)
    rti_board_end                            0x08002879   Thumb Code     4  components.o(i.rti_board_end)
    i.rti_board_start                        0x0800287c   Section        0  components.o(i.rti_board_start)
    rti_board_start                          0x0800287d   Thumb Code     4  components.o(i.rti_board_start)
    i.rti_end                                0x08002880   Section        0  components.o(i.rti_end)
    rti_end                                  0x08002881   Thumb Code     4  components.o(i.rti_end)
    i.rti_start                              0x08002884   Section        0  components.o(i.rti_start)
    rti_start                                0x08002885   Thumb Code     4  components.o(i.rti_start)
    i.rtthread_startup                       0x08002888   Section        0  components.o(i.rtthread_startup)
    i.skip_atoi                              0x080028b2   Section        0  kservice.o(i.skip_atoi)
    skip_atoi                                0x080028b3   Thumb Code    38  kservice.o(i.skip_atoi)
    .constdata                               0x080028d8   Section       16  system_stm32h7xx.o(.constdata)
    .constdata                               0x080028e8   Section      290  kservice.o(.constdata)
    small_digits                             0x080029e8   Data          17  kservice.o(.constdata)
    large_digits                             0x080029f9   Data          17  kservice.o(.constdata)
    .rti_fn.0                                0x08002a0c   Section        4  components.o(.rti_fn.0)
    __tagsym$$used                           0x08002a0c   Number         0  components.o(.rti_fn.0)
    .rti_fn.0.end                            0x08002a10   Section        4  components.o(.rti_fn.0.end)
    __tagsym$$used                           0x08002a10   Number         0  components.o(.rti_fn.0.end)
    .rti_fn.1.end                            0x08002a14   Section        4  components.o(.rti_fn.1.end)
    __tagsym$$used                           0x08002a14   Number         0  components.o(.rti_fn.1.end)
    .rti_fn.6.end                            0x08002a18   Section        4  components.o(.rti_fn.6.end)
    __tagsym$$used                           0x08002a18   Number         0  components.o(.rti_fn.6.end)
    .data                                    0x24000000   Section        8  system_stm32h7xx.o(.data)
    .data                                    0x24000008   Section        4  clock.o(.data)
    rt_tick                                  0x24000008   Data           4  clock.o(.data)
    .data                                    0x2400000c   Section        1  irq.o(.data)
    .data                                    0x24000010   Section       64  object.o(.data)
    rt_object_container                      0x24000010   Data          64  object.o(.data)
    .data                                    0x24000050   Section       24  scheduler.o(.data)
    rt_scheduler_lock_nest                   0x24000050   Data           2  scheduler.o(.data)
    .data                                    0x24000068   Section       12  timer.o(.data)
    rt_timer_list                            0x24000068   Data           8  timer.o(.data)
    random_nr                                0x24000070   Data           4  timer.o(.data)
    .data                                    0x24000074   Section       16  cpuport.o(.data)
    rt_exception_hook                        0x24000080   Data           4  cpuport.o(.data)
    .bss                                     0x24000084   Section     1144  main.o(.bss)
    led1_thread                              0x24000084   Data         120  main.o(.bss)
    rt_led1_thread_stack                     0x240000fc   Data        1024  main.o(.bss)
    .bss                                     0x24000500   Section      632  components.o(.bss)
    main_stack                               0x24000500   Data         512  components.o(.bss)
    .bss                                     0x24000778   Section      248  idle.o(.bss)
    idle                                     0x24000778   Data         120  idle.o(.bss)
    rt_thread_stack                          0x240007f0   Data         128  idle.o(.bss)
    .bss                                     0x24000870   Section      128  kservice.o(.bss)
    rt_log_buf                               0x24000870   Data         128  kservice.o(.bss)
    .bss                                     0x240008f0   Section      256  scheduler.o(.bss)
    STACK                                    0x240009f0   Section     1024  startup_stm32h743xx.o(STACK)

    Global Symbols

    Symbol Name                              Value     Ov Type        Size  Object(Section)

    BuildAttributes$$THM_ISAv4$E$P$D$K$B$S$7EM$VFPv5_D16$PE$PLD8$A:L22UL41UL21$X:L11$S22US41US21$IEEE1$IW$USESV6$~STKCKD$USESV7$~SHL$OSPACE$EBA8$MICROLIB$REQ8$PRES8$EABIv2 0x00000000   Number         0  anon$$obj.o ABSOLUTE
    __ARM_use_no_argv                        0x00000000   Number         0  main.o ABSOLUTE
    __cpp_initialize__aeabi_                  - Undefined Weak Reference
    __cxa_finalize                            - Undefined Weak Reference
    __decompress                              - Undefined Weak Reference
    _clock_init                               - Undefined Weak Reference
    _microlib_exit                            - Undefined Weak Reference
    __Vectors_Size                           0x00000298   Number         0  startup_stm32h743xx.o ABSOLUTE
    __Vectors                                0x08000000   Data           4  startup_stm32h743xx.o(RESET)
    __Vectors_End                            0x08000298   Data           0  startup_stm32h743xx.o(RESET)
    __main                                   0x08000299   Thumb Code     0  entry.o(.ARM.Collect$$$$00000000)
    _main_stk                                0x08000299   Thumb Code     0  entry2.o(.ARM.Collect$$$$00000001)
    _main_scatterload                        0x0800029d   Thumb Code     0  entry5.o(.ARM.Collect$$$$00000004)
    __main_after_scatterload                 0x080002a1   Thumb Code     0  entry5.o(.ARM.Collect$$$$00000004)
    _main_clock                              0x080002a1   Thumb Code     0  entry7b.o(.ARM.Collect$$$$00000008)
    _main_cpp_init                           0x080002a1   Thumb Code     0  entry8b.o(.ARM.Collect$$$$0000000A)
    _main_init                               0x080002a1   Thumb Code     0  entry9a.o(.ARM.Collect$$$$0000000B)
    __rt_final_cpp                           0x080002a9   Thumb Code     0  entry10a.o(.ARM.Collect$$$$0000000D)
    __rt_final_exit                          0x080002a9   Thumb Code     0  entry11a.o(.ARM.Collect$$$$0000000F)
    Reset_Handler                            0x080002ad   Thumb Code     8  startup_stm32h743xx.o(.text)
    ADC3_IRQHandler                          0x080002c7   Thumb Code     0  startup_stm32h743xx.o(.text)
    ADC_IRQHandler                           0x080002c7   Thumb Code     0  startup_stm32h743xx.o(.text)
    BDMA_Channel0_IRQHandler                 0x080002c7   Thumb Code     0  startup_stm32h743xx.o(.text)
    BDMA_Channel1_IRQHandler                 0x080002c7   Thumb Code     0  startup_stm32h743xx.o(.text)
    BDMA_Channel2_IRQHandler                 0x080002c7   Thumb Code     0  startup_stm32h743xx.o(.text)
    BDMA_Channel3_IRQHandler                 0x080002c7   Thumb Code     0  startup_stm32h743xx.o(.text)
    BDMA_Channel4_IRQHandler                 0x080002c7   Thumb Code     0  startup_stm32h743xx.o(.text)
    BDMA_Channel5_IRQHandler                 0x080002c7   Thumb Code     0  startup_stm32h743xx.o(.text)
    BDMA_Channel6_IRQHandler                 0x080002c7   Thumb Code     0  startup_stm32h743xx.o(.text)
    BDMA_Channel7_IRQHandler                 0x080002c7   Thumb Code     0  startup_stm32h743xx.o(.text)
    CEC_IRQHandler                           0x080002c7   Thumb Code     0  startup_stm32h743xx.o(.text)
    COMP1_IRQHandler                         0x080002c7   Thumb Code     0  startup_stm32h743xx.o(.text)
    CRS_IRQHandler                           0x080002c7   Thumb Code     0  startup_stm32h743xx.o(.text)
    DCMI_IRQHandler                          0x080002c7   Thumb Code     0  startup_stm32h743xx.o(.text)
    DFSDM1_FLT0_IRQHandler                   0x080002c7   Thumb Code     0  startup_stm32h743xx.o(.text)
    DFSDM1_FLT1_IRQHandler                   0x080002c7   Thumb Code     0  startup_stm32h743xx.o(.text)
    DFSDM1_FLT2_IRQHandler                   0x080002c7   Thumb Code     0  startup_stm32h743xx.o(.text)
    DFSDM1_FLT3_IRQHandler                   0x080002c7   Thumb Code     0  startup_stm32h743xx.o(.text)
    DMA1_Stream0_IRQHandler                  0x080002c7   Thumb Code     0  startup_stm32h743xx.o(.text)
    DMA1_Stream1_IRQHandler                  0x080002c7   Thumb Code     0  startup_stm32h743xx.o(.text)
    DMA1_Stream2_IRQHandler                  0x080002c7   Thumb Code     0  startup_stm32h743xx.o(.text)
    DMA1_Stream3_IRQHandler                  0x080002c7   Thumb Code     0  startup_stm32h743xx.o(.text)
    DMA1_Stream4_IRQHandler                  0x080002c7   Thumb Code     0  startup_stm32h743xx.o(.text)
    DMA1_Stream5_IRQHandler                  0x080002c7   Thumb Code     0  startup_stm32h743xx.o(.text)
    DMA1_Stream6_IRQHandler                  0x080002c7   Thumb Code     0  startup_stm32h743xx.o(.text)
    DMA1_Stream7_IRQHandler                  0x080002c7   Thumb Code     0  startup_stm32h743xx.o(.text)
    DMA2D_IRQHandler                         0x080002c7   Thumb Code     0  startup_stm32h743xx.o(.text)
    DMA2_Stream0_IRQHandler                  0x080002c7   Thumb Code     0  startup_stm32h743xx.o(.text)
    DMA2_Stream1_IRQHandler                  0x080002c7   Thumb Code     0  startup_stm32h743xx.o(.text)
    DMA2_Stream2_IRQHandler                  0x080002c7   Thumb Code     0  startup_stm32h743xx.o(.text)
    DMA2_Stream3_IRQHandler                  0x080002c7   Thumb Code     0  startup_stm32h743xx.o(.text)
    DMA2_Stream4_IRQHandler                  0x080002c7   Thumb Code     0  startup_stm32h743xx.o(.text)
    DMA2_Stream5_IRQHandler                  0x080002c7   Thumb Code     0  startup_stm32h743xx.o(.text)
    DMA2_Stream6_IRQHandler                  0x080002c7   Thumb Code     0  startup_stm32h743xx.o(.text)
    DMA2_Stream7_IRQHandler                  0x080002c7   Thumb Code     0  startup_stm32h743xx.o(.text)
    DMAMUX1_OVR_IRQHandler                   0x080002c7   Thumb Code     0  startup_stm32h743xx.o(.text)
    DMAMUX2_OVR_IRQHandler                   0x080002c7   Thumb Code     0  startup_stm32h743xx.o(.text)
    ETH_IRQHandler                           0x080002c7   Thumb Code     0  startup_stm32h743xx.o(.text)
    ETH_WKUP_IRQHandler                      0x080002c7   Thumb Code     0  startup_stm32h743xx.o(.text)
    EXTI0_IRQHandler                         0x080002c7   Thumb Code     0  startup_stm32h743xx.o(.text)
    EXTI15_10_IRQHandler                     0x080002c7   Thumb Code     0  startup_stm32h743xx.o(.text)
    EXTI1_IRQHandler                         0x080002c7   Thumb Code     0  startup_stm32h743xx.o(.text)
    EXTI2_IRQHandler                         0x080002c7   Thumb Code     0  startup_stm32h743xx.o(.text)
    EXTI3_IRQHandler                         0x080002c7   Thumb Code     0  startup_stm32h743xx.o(.text)
    EXTI4_IRQHandler                         0x080002c7   Thumb Code     0  startup_stm32h743xx.o(.text)
    EXTI9_5_IRQHandler                       0x080002c7   Thumb Code     0  startup_stm32h743xx.o(.text)
    FDCAN1_IT0_IRQHandler                    0x080002c7   Thumb Code     0  startup_stm32h743xx.o(.text)
    FDCAN1_IT1_IRQHandler                    0x080002c7   Thumb Code     0  startup_stm32h743xx.o(.text)
    FDCAN2_IT0_IRQHandler                    0x080002c7   Thumb Code     0  startup_stm32h743xx.o(.text)
    FDCAN2_IT1_IRQHandler                    0x080002c7   Thumb Code     0  startup_stm32h743xx.o(.text)
    FDCAN_CAL_IRQHandler                     0x080002c7   Thumb Code     0  startup_stm32h743xx.o(.text)
    FLASH_IRQHandler                         0x080002c7   Thumb Code     0  startup_stm32h743xx.o(.text)
    FMC_IRQHandler                           0x080002c7   Thumb Code     0  startup_stm32h743xx.o(.text)
    FPU_IRQHandler                           0x080002c7   Thumb Code     0  startup_stm32h743xx.o(.text)
    HRTIM1_FLT_IRQHandler                    0x080002c7   Thumb Code     0  startup_stm32h743xx.o(.text)
    HRTIM1_Master_IRQHandler                 0x080002c7   Thumb Code     0  startup_stm32h743xx.o(.text)
    HRTIM1_TIMA_IRQHandler                   0x080002c7   Thumb Code     0  startup_stm32h743xx.o(.text)
    HRTIM1_TIMB_IRQHandler                   0x080002c7   Thumb Code     0  startup_stm32h743xx.o(.text)
    HRTIM1_TIMC_IRQHandler                   0x080002c7   Thumb Code     0  startup_stm32h743xx.o(.text)
    HRTIM1_TIMD_IRQHandler                   0x080002c7   Thumb Code     0  startup_stm32h743xx.o(.text)
    HRTIM1_TIME_IRQHandler                   0x080002c7   Thumb Code     0  startup_stm32h743xx.o(.text)
    HSEM1_IRQHandler                         0x080002c7   Thumb Code     0  startup_stm32h743xx.o(.text)
    I2C1_ER_IRQHandler                       0x080002c7   Thumb Code     0  startup_stm32h743xx.o(.text)
    I2C1_EV_IRQHandler                       0x080002c7   Thumb Code     0  startup_stm32h743xx.o(.text)
    I2C2_ER_IRQHandler                       0x080002c7   Thumb Code     0  startup_stm32h743xx.o(.text)
    I2C2_EV_IRQHandler                       0x080002c7   Thumb Code     0  startup_stm32h743xx.o(.text)
    I2C3_ER_IRQHandler                       0x080002c7   Thumb Code     0  startup_stm32h743xx.o(.text)
    I2C3_EV_IRQHandler                       0x080002c7   Thumb Code     0  startup_stm32h743xx.o(.text)
    I2C4_ER_IRQHandler                       0x080002c7   Thumb Code     0  startup_stm32h743xx.o(.text)
    I2C4_EV_IRQHandler                       0x080002c7   Thumb Code     0  startup_stm32h743xx.o(.text)
    JPEG_IRQHandler                          0x080002c7   Thumb Code     0  startup_stm32h743xx.o(.text)
    LPTIM1_IRQHandler                        0x080002c7   Thumb Code     0  startup_stm32h743xx.o(.text)
    LPTIM2_IRQHandler                        0x080002c7   Thumb Code     0  startup_stm32h743xx.o(.text)
    LPTIM3_IRQHandler                        0x080002c7   Thumb Code     0  startup_stm32h743xx.o(.text)
    LPTIM4_IRQHandler                        0x080002c7   Thumb Code     0  startup_stm32h743xx.o(.text)
    LPTIM5_IRQHandler                        0x080002c7   Thumb Code     0  startup_stm32h743xx.o(.text)
    LPUART1_IRQHandler                       0x080002c7   Thumb Code     0  startup_stm32h743xx.o(.text)
    LTDC_ER_IRQHandler                       0x080002c7   Thumb Code     0  startup_stm32h743xx.o(.text)
    LTDC_IRQHandler                          0x080002c7   Thumb Code     0  startup_stm32h743xx.o(.text)
    MDIOS_IRQHandler                         0x080002c7   Thumb Code     0  startup_stm32h743xx.o(.text)
    MDIOS_WKUP_IRQHandler                    0x080002c7   Thumb Code     0  startup_stm32h743xx.o(.text)
    MDMA_IRQHandler                          0x080002c7   Thumb Code     0  startup_stm32h743xx.o(.text)
    OTG_FS_EP1_IN_IRQHandler                 0x080002c7   Thumb Code     0  startup_stm32h743xx.o(.text)
    OTG_FS_EP1_OUT_IRQHandler                0x080002c7   Thumb Code     0  startup_stm32h743xx.o(.text)
    OTG_FS_IRQHandler                        0x080002c7   Thumb Code     0  startup_stm32h743xx.o(.text)
    OTG_FS_WKUP_IRQHandler                   0x080002c7   Thumb Code     0  startup_stm32h743xx.o(.text)
    OTG_HS_EP1_IN_IRQHandler                 0x080002c7   Thumb Code     0  startup_stm32h743xx.o(.text)
    OTG_HS_EP1_OUT_IRQHandler                0x080002c7   Thumb Code     0  startup_stm32h743xx.o(.text)
    OTG_HS_IRQHandler                        0x080002c7   Thumb Code     0  startup_stm32h743xx.o(.text)
    OTG_HS_WKUP_IRQHandler                   0x080002c7   Thumb Code     0  startup_stm32h743xx.o(.text)
    PVD_AVD_IRQHandler                       0x080002c7   Thumb Code     0  startup_stm32h743xx.o(.text)
    QUADSPI_IRQHandler                       0x080002c7   Thumb Code     0  startup_stm32h743xx.o(.text)
    RCC_IRQHandler                           0x080002c7   Thumb Code     0  startup_stm32h743xx.o(.text)
    RNG_IRQHandler                           0x080002c7   Thumb Code     0  startup_stm32h743xx.o(.text)
    RTC_Alarm_IRQHandler                     0x080002c7   Thumb Code     0  startup_stm32h743xx.o(.text)
    RTC_WKUP_IRQHandler                      0x080002c7   Thumb Code     0  startup_stm32h743xx.o(.text)
    SAI1_IRQHandler                          0x080002c7   Thumb Code     0  startup_stm32h743xx.o(.text)
    SAI2_IRQHandler                          0x080002c7   Thumb Code     0  startup_stm32h743xx.o(.text)
    SAI3_IRQHandler                          0x080002c7   Thumb Code     0  startup_stm32h743xx.o(.text)
    SAI4_IRQHandler                          0x080002c7   Thumb Code     0  startup_stm32h743xx.o(.text)
    SDMMC1_IRQHandler                        0x080002c7   Thumb Code     0  startup_stm32h743xx.o(.text)
    SDMMC2_IRQHandler                        0x080002c7   Thumb Code     0  startup_stm32h743xx.o(.text)
    SPDIF_RX_IRQHandler                      0x080002c7   Thumb Code     0  startup_stm32h743xx.o(.text)
    SPI1_IRQHandler                          0x080002c7   Thumb Code     0  startup_stm32h743xx.o(.text)
    SPI2_IRQHandler                          0x080002c7   Thumb Code     0  startup_stm32h743xx.o(.text)
    SPI3_IRQHandler                          0x080002c7   Thumb Code     0  startup_stm32h743xx.o(.text)
    SPI4_IRQHandler                          0x080002c7   Thumb Code     0  startup_stm32h743xx.o(.text)
    SPI5_IRQHandler                          0x080002c7   Thumb Code     0  startup_stm32h743xx.o(.text)
    SPI6_IRQHandler                          0x080002c7   Thumb Code     0  startup_stm32h743xx.o(.text)
    SWPMI1_IRQHandler                        0x080002c7   Thumb Code     0  startup_stm32h743xx.o(.text)
    TAMP_STAMP_IRQHandler                    0x080002c7   Thumb Code     0  startup_stm32h743xx.o(.text)
    TIM15_IRQHandler                         0x080002c7   Thumb Code     0  startup_stm32h743xx.o(.text)
    TIM16_IRQHandler                         0x080002c7   Thumb Code     0  startup_stm32h743xx.o(.text)
    TIM17_IRQHandler                         0x080002c7   Thumb Code     0  startup_stm32h743xx.o(.text)
    TIM1_BRK_IRQHandler                      0x080002c7   Thumb Code     0  startup_stm32h743xx.o(.text)
    TIM1_CC_IRQHandler                       0x080002c7   Thumb Code     0  startup_stm32h743xx.o(.text)
    TIM1_TRG_COM_IRQHandler                  0x080002c7   Thumb Code     0  startup_stm32h743xx.o(.text)
    TIM1_UP_IRQHandler                       0x080002c7   Thumb Code     0  startup_stm32h743xx.o(.text)
    TIM2_IRQHandler                          0x080002c7   Thumb Code     0  startup_stm32h743xx.o(.text)
    TIM3_IRQHandler                          0x080002c7   Thumb Code     0  startup_stm32h743xx.o(.text)
    TIM4_IRQHandler                          0x080002c7   Thumb Code     0  startup_stm32h743xx.o(.text)
    TIM5_IRQHandler                          0x080002c7   Thumb Code     0  startup_stm32h743xx.o(.text)
    TIM6_DAC_IRQHandler                      0x080002c7   Thumb Code     0  startup_stm32h743xx.o(.text)
    TIM7_IRQHandler                          0x080002c7   Thumb Code     0  startup_stm32h743xx.o(.text)
    TIM8_BRK_TIM12_IRQHandler                0x080002c7   Thumb Code     0  startup_stm32h743xx.o(.text)
    TIM8_CC_IRQHandler                       0x080002c7   Thumb Code     0  startup_stm32h743xx.o(.text)
    TIM8_TRG_COM_TIM14_IRQHandler            0x080002c7   Thumb Code     0  startup_stm32h743xx.o(.text)
    TIM8_UP_TIM13_IRQHandler                 0x080002c7   Thumb Code     0  startup_stm32h743xx.o(.text)
    UART4_IRQHandler                         0x080002c7   Thumb Code     0  startup_stm32h743xx.o(.text)
    UART5_IRQHandler                         0x080002c7   Thumb Code     0  startup_stm32h743xx.o(.text)
    UART7_IRQHandler                         0x080002c7   Thumb Code     0  startup_stm32h743xx.o(.text)
    UART8_IRQHandler                         0x080002c7   Thumb Code     0  startup_stm32h743xx.o(.text)
    USART1_IRQHandler                        0x080002c7   Thumb Code     0  startup_stm32h743xx.o(.text)
    USART2_IRQHandler                        0x080002c7   Thumb Code     0  startup_stm32h743xx.o(.text)
    USART3_IRQHandler                        0x080002c7   Thumb Code     0  startup_stm32h743xx.o(.text)
    USART6_IRQHandler                        0x080002c7   Thumb Code     0  startup_stm32h743xx.o(.text)
    WAKEUP_PIN_IRQHandler                    0x080002c7   Thumb Code     0  startup_stm32h743xx.o(.text)
    WWDG_IRQHandler                          0x080002c7   Thumb Code     0  startup_stm32h743xx.o(.text)
    rt_hw_interrupt_disable                  0x080002d1   Thumb Code     8  context_rvds.o(.text)
    rt_hw_interrupt_enable                   0x080002d9   Thumb Code     6  context_rvds.o(.text)
    rt_hw_context_switch                     0x080002df   Thumb Code    32  context_rvds.o(.text)
    rt_hw_context_switch_interrupt           0x080002df   Thumb Code     0  context_rvds.o(.text)
    PendSV_Handler                           0x080002ff   Thumb Code   108  context_rvds.o(.text)
    rt_hw_context_switch_to                  0x0800036b   Thumb Code    70  context_rvds.o(.text)
    rt_hw_interrupt_thread_switch            0x080003b1   Thumb Code     2  context_rvds.o(.text)
    HardFault_Handler                        0x080003b3   Thumb Code    56  context_rvds.o(.text)
    MemManage_Handler                        0x080003b3   Thumb Code     0  context_rvds.o(.text)
    __scatterload                            0x08000405   Thumb Code    28  init.o(.text)
    __scatterload_rt2                        0x08000405   Thumb Code     0  init.o(.text)
    main                                     0x08000429   Thumb Code    10  components.o(i.$Sub$$main)
    BusFault_Handler                         0x08000433   Thumb Code     4  stm32h7xx_it.o(i.BusFault_Handler)
    DebugMon_Handler                         0x08000437   Thumb Code     2  stm32h7xx_it.o(i.DebugMon_Handler)
    HAL_GPIO_Init                            0x08000439   Thumb Code   534  stm32h7xx_hal_gpio.o(i.HAL_GPIO_Init)
    HAL_GetTick                              0x08000685   Thumb Code    18  core_delay.o(i.HAL_GetTick)
    HAL_InitTick                             0x080006a1   Thumb Code    34  core_delay.o(i.HAL_InitTick)
    HAL_RCC_ClockConfig                      0x080006cd   Thumb Code   574  stm32h7xx_hal_rcc.o(i.HAL_RCC_ClockConfig)
    HAL_RCC_GetSysClockFreq                  0x0800091d   Thumb Code   556  stm32h7xx_hal_rcc.o(i.HAL_RCC_GetSysClockFreq)
    HAL_RCC_OscConfig                        0x08000b61   Thumb Code  1716  stm32h7xx_hal_rcc.o(i.HAL_RCC_OscConfig)
    HAL_SYSTICK_Config                       0x0800121d   Thumb Code    52  stm32h7xx_hal_cortex.o(i.HAL_SYSTICK_Config)
    LED_GPIO_Config                          0x08001251   Thumb Code   154  bsp_led.o(i.LED_GPIO_Config)
    NMI_Handler                              0x080012f9   Thumb Code     2  stm32h7xx_it.o(i.NMI_Handler)
    SVC_Handler                              0x080012fb   Thumb Code     2  stm32h7xx_it.o(i.SVC_Handler)
    SysTick_Handler                          0x080012fd   Thumb Code    16  board.o(i.SysTick_Handler)
    SystemInit                               0x080013c9   Thumb Code   130  system_stm32h7xx.o(i.SystemInit)
    UsageFault_Handler                       0x0800145d   Thumb Code     4  stm32h7xx_it.o(i.UsageFault_Handler)
    __rt_ffs                                 0x08001489   Thumb Code    70  kservice.o(i.__rt_ffs)
    __scatterload_copy                       0x080014d5   Thumb Code    14  handlers.o(i.__scatterload_copy)
    __scatterload_null                       0x080014e3   Thumb Code     2  handlers.o(i.__scatterload_null)
    __scatterload_zeroinit                   0x080014e5   Thumb Code    14  handlers.o(i.__scatterload_zeroinit)
    $Super$$main                             0x08001625   Thumb Code    44  main.o(i.main)
    main_thread_entry                        0x08001665   Thumb Code    14  components.o(i.main_thread_entry)
    rt_application_init                      0x0800180d   Thumb Code    44  components.o(i.rt_application_init)
    rt_components_board_init                 0x0800184d   Thumb Code    20  components.o(i.rt_components_board_init)
    rt_components_init                       0x08001869   Thumb Code    20  components.o(i.rt_components_init)
    rt_enter_critical                        0x08001885   Thumb Code    28  scheduler.o(i.rt_enter_critical)
    rt_exit_critical                         0x080018a5   Thumb Code    60  scheduler.o(i.rt_exit_critical)
    rt_hw_board_init                         0x080018e9   Thumb Code    34  board.o(i.rt_hw_board_init)
    rt_hw_console_output                     0x0800190b   Thumb Code     2  kservice.o(i.rt_hw_console_output)
    rt_hw_hard_fault_exception               0x0800190d   Thumb Code   212  cpuport.o(i.rt_hw_hard_fault_exception)
    rt_hw_stack_init                         0x08001b31   Thumb Code    74  cpuport.o(i.rt_hw_stack_init)
    rt_interrupt_enter                       0x08001b81   Thumb Code    26  irq.o(i.rt_interrupt_enter)
    rt_interrupt_leave                       0x08001ba1   Thumb Code    26  irq.o(i.rt_interrupt_leave)
    rt_kprintf                               0x08001bc1   Thumb Code    44  kservice.o(i.rt_kprintf)
    rt_memset                                0x08001c3b   Thumb Code    72  kservice.o(i.rt_memset)
    rt_object_detach                         0x08001c83   Thumb Code    44  object.o(i.rt_object_detach)
    rt_object_get_information                0x08001cb1   Thumb Code    36  object.o(i.rt_object_get_information)
    rt_object_init                           0x08001cd9   Thumb Code    96  object.o(i.rt_object_init)
    rt_object_is_systemobject                0x08001d39   Thumb Code    18  object.o(i.rt_object_is_systemobject)
    rt_schedule                              0x08001d4d   Thumb Code   106  scheduler.o(i.rt_schedule)
    rt_schedule_insert_thread                0x08001dd1   Thumb Code    72  scheduler.o(i.rt_schedule_insert_thread)
    rt_schedule_remove_thread                0x08001e21   Thumb Code    76  scheduler.o(i.rt_schedule_remove_thread)
    rt_show_version                          0x08001e75   Thumb Code    38  kservice.o(i.rt_show_version)
    rt_strlen                                0x08001f25   Thumb Code    18  kservice.o(i.rt_strlen)
    rt_strncpy                               0x08001f37   Thumb Code    52  kservice.o(i.rt_strncpy)
    rt_system_scheduler_init                 0x08001f6d   Thumb Code    52  scheduler.o(i.rt_system_scheduler_init)
    rt_system_scheduler_start                0x08001fb9   Thumb Code    36  scheduler.o(i.rt_system_scheduler_start)
    rt_system_timer_init                     0x08001fe9   Thumb Code    24  timer.o(i.rt_system_timer_init)
    rt_system_timer_thread_init              0x08002005   Thumb Code     2  timer.o(i.rt_system_timer_thread_init)
    rt_thread_delay                          0x08002007   Thumb Code    12  thread.o(i.rt_thread_delay)
    rt_thread_exit                           0x08002015   Thumb Code    76  thread.o(i.rt_thread_exit)
    rt_thread_idle_excute                    0x08002071   Thumb Code   122  idle.o(i.rt_thread_idle_excute)
    rt_thread_idle_init                      0x080020f1   Thumb Code    38  idle.o(i.rt_thread_idle_init)
    rt_thread_init                           0x0800212d   Thumb Code    52  thread.o(i.rt_thread_init)
    rt_thread_resume                         0x08002161   Thumb Code    60  thread.o(i.rt_thread_resume)
    rt_thread_self                           0x0800219d   Thumb Code     6  thread.o(i.rt_thread_self)
    rt_thread_sleep                          0x080021a9   Thumb Code    62  thread.o(i.rt_thread_sleep)
    rt_thread_startup                        0x080021ed   Thumb Code    44  thread.o(i.rt_thread_startup)
    rt_thread_suspend                        0x08002219   Thumb Code    68  thread.o(i.rt_thread_suspend)
    rt_thread_timeout                        0x0800225d   Thumb Code    32  thread.o(i.rt_thread_timeout)
    rt_thread_yield                          0x0800227d   Thumb Code    92  thread.o(i.rt_thread_yield)
    rt_tick_get                              0x080022e1   Thumb Code     6  clock.o(i.rt_tick_get)
    rt_tick_increase                         0x080022ed   Thumb Code    42  clock.o(i.rt_tick_increase)
    rt_timer_check                           0x0800231d   Thumb Code   118  timer.o(i.rt_timer_check)
    rt_timer_control                         0x08002399   Thumb Code    56  timer.o(i.rt_timer_control)
    rt_timer_detach                          0x080023d1   Thumb Code    32  timer.o(i.rt_timer_detach)
    rt_timer_init                            0x080023f1   Thumb Code    46  timer.o(i.rt_timer_init)
    rt_timer_start                           0x08002421   Thumb Code   238  timer.o(i.rt_timer_start)
    rt_timer_stop                            0x08002519   Thumb Code    48  timer.o(i.rt_timer_stop)
    rt_vsnprintf                             0x08002549   Thumb Code   808  kservice.o(i.rt_vsnprintf)
    rtthread_startup                         0x08002889   Thumb Code    42  components.o(i.rtthread_startup)
    D1CorePrescTable                         0x080028d8   Data          16  system_stm32h7xx.o(.constdata)
    __lowest_bit_bitmap                      0x080028e8   Data         256  kservice.o(.constdata)
    __rt_init_rti_start                      0x08002a0c   Data           4  components.o(.rti_fn.0)
    __rt_init_rti_board_start                0x08002a10   Data           4  components.o(.rti_fn.0.end)
    __rt_init_rti_board_end                  0x08002a14   Data           4  components.o(.rti_fn.1.end)
    __rt_init_rti_end                        0x08002a18   Data           4  components.o(.rti_fn.6.end)
    Region$$Table$$Base                      0x08002a1c   Number         0  anon$$obj.o(Region$$Table)
    Region$$Table$$Limit                     0x08002a3c   Number         0  anon$$obj.o(Region$$Table)
    SystemCoreClock                          0x24000000   Data           4  system_stm32h7xx.o(.data)
    SystemD2Clock                            0x24000004   Data           4  system_stm32h7xx.o(.data)
    rt_interrupt_nest                        0x2400000c   Data           1  irq.o(.data)
    rt_current_thread                        0x24000054   Data           4  scheduler.o(.data)
    rt_current_priority                      0x24000058   Data           1  scheduler.o(.data)
    rt_thread_ready_priority_group           0x2400005c   Data           4  scheduler.o(.data)
    rt_thread_defunct                        0x24000060   Data           8  scheduler.o(.data)
    rt_interrupt_from_thread                 0x24000074   Data           4  cpuport.o(.data)
    rt_interrupt_to_thread                   0x24000078   Data           4  cpuport.o(.data)
    rt_thread_switch_interrupt_flag          0x2400007c   Data           4  cpuport.o(.data)
    main_thread                              0x24000700   Data         120  components.o(.bss)
    rt_thread_priority_table                 0x240008f0   Data         256  scheduler.o(.bss)
    __initial_sp                             0x24000df0   Data           0  startup_stm32h743xx.o(STACK)



==============================================================================

Memory Map of the image

  Image Entry point : 0x08000299

  Load Region LR_IROM1 (Base: 0x08000000, Size: 0x00002ac0, Max: 0x00200000, ABSOLUTE)

    Execution Region ER_IROM1 (Exec base: 0x08000000, Load base: 0x08000000, Size: 0x00002a3c, Max: 0x00200000, ABSOLUTE)

    Exec Addr    Load Addr    Size         Type   Attr      Idx    E Section Name        Object

    0x08000000   0x08000000   0x00000298   Data   RO            3    RESET               startup_stm32h743xx.o
    0x08000298   0x08000298   0x00000000   Code   RO         4729  * .ARM.Collect$$$$00000000  mc_w.l(entry.o)
    0x08000298   0x08000298   0x00000004   Code   RO         4732    .ARM.Collect$$$$00000001  mc_w.l(entry2.o)
    0x0800029c   0x0800029c   0x00000004   Code   RO         4735    .ARM.Collect$$$$00000004  mc_w.l(entry5.o)
    0x080002a0   0x080002a0   0x00000000   Code   RO         4737    .ARM.Collect$$$$00000008  mc_w.l(entry7b.o)
    0x080002a0   0x080002a0   0x00000000   Code   RO         4739    .ARM.Collect$$$$0000000A  mc_w.l(entry8b.o)
    0x080002a0   0x080002a0   0x00000008   Code   RO         4740    .ARM.Collect$$$$0000000B  mc_w.l(entry9a.o)
    0x080002a8   0x080002a8   0x00000000   Code   RO         4742    .ARM.Collect$$$$0000000D  mc_w.l(entry10a.o)
    0x080002a8   0x080002a8   0x00000000   Code   RO         4744    .ARM.Collect$$$$0000000F  mc_w.l(entry11a.o)
    0x080002a8   0x080002a8   0x00000004   Code   RO         4733    .ARM.Collect$$$$00002712  mc_w.l(entry2.o)
    0x080002ac   0x080002ac   0x00000024   Code   RO            4    .text               startup_stm32h743xx.o
    0x080002d0   0x080002d0   0x00000134   Code   RO         4725    .text               context_rvds.o
    0x08000404   0x08000404   0x00000024   Code   RO         4746    .text               mc_w.l(init.o)
    0x08000428   0x08000428   0x0000000a   Code   RO         3821    i.$Sub$$main        components.o
    0x08000432   0x08000432   0x00000004   Code   RO         3631    i.BusFault_Handler  stm32h7xx_it.o
    0x08000436   0x08000436   0x00000002   Code   RO         3632    i.DebugMon_Handler  stm32h7xx_it.o
    0x08000438   0x08000438   0x0000024c   Code   RO         1315    i.HAL_GPIO_Init     stm32h7xx_hal_gpio.o
    0x08000684   0x08000684   0x0000001c   Code   RO         3708    i.HAL_GetTick       core_delay.o
    0x080006a0   0x080006a0   0x0000002c   Code   RO         3709    i.HAL_InitTick      core_delay.o
    0x080006cc   0x080006cc   0x00000250   Code   RO         2837    i.HAL_RCC_ClockConfig  stm32h7xx_hal_rcc.o
    0x0800091c   0x0800091c   0x00000244   Code   RO         2845    i.HAL_RCC_GetSysClockFreq  stm32h7xx_hal_rcc.o
    0x08000b60   0x08000b60   0x000006bc   Code   RO         2848    i.HAL_RCC_OscConfig  stm32h7xx_hal_rcc.o
    0x0800121c   0x0800121c   0x00000034   Code   RO          533    i.HAL_SYSTICK_Config  stm32h7xx_hal_cortex.o
    0x08001250   0x08001250   0x000000a8   Code   RO         3682    i.LED_GPIO_Config   bsp_led.o
    0x080012f8   0x080012f8   0x00000002   Code   RO         3633    i.NMI_Handler       stm32h7xx_it.o
    0x080012fa   0x080012fa   0x00000002   Code   RO         3634    i.SVC_Handler       stm32h7xx_it.o
    0x080012fc   0x080012fc   0x00000010   Code   RO         3748    i.SysTick_Handler   board.o
    0x0800130c   0x0800130c   0x000000bc   Code   RO         3749    i.SystemClock_Config  board.o
    0x080013c8   0x080013c8   0x00000094   Code   RO           14    i.SystemInit        system_stm32h7xx.o
    0x0800145c   0x0800145c   0x00000004   Code   RO         3635    i.UsageFault_Handler  stm32h7xx_it.o
    0x08001460   0x08001460   0x00000028   Code   RO          536    i.__NVIC_SetPriority  stm32h7xx_hal_cortex.o
    0x08001488   0x08001488   0x0000004c   Code   RO         4079    i.__rt_ffs          kservice.o
    0x080014d4   0x080014d4   0x0000000e   Code   RO         4750    i.__scatterload_copy  mc_w.l(handlers.o)
    0x080014e2   0x080014e2   0x00000002   Code   RO         4751    i.__scatterload_null  mc_w.l(handlers.o)
    0x080014e4   0x080014e4   0x0000000e   Code   RO         4752    i.__scatterload_zeroinit  mc_w.l(handlers.o)
    0x080014f2   0x080014f2   0x00000002   PAD
    0x080014f4   0x080014f4   0x00000014   Code   RO         3896    i._has_defunct_thread  idle.o
    0x08001508   0x08001508   0x00000084   Code   RO         4382    i._rt_thread_init   thread.o
    0x0800158c   0x0800158c   0x00000042   Code   RO         4491    i._rt_timer_init    timer.o
    0x080015ce   0x080015ce   0x0000002e   Code   RO         4492    i._rt_timer_remove  timer.o
    0x080015fc   0x080015fc   0x00000028   Code   RO         3566    i.led1_thread_entry  main.o
    0x08001624   0x08001624   0x00000040   Code   RO         3567    i.main              main.o
    0x08001664   0x08001664   0x0000000e   Code   RO         3822    i.main_thread_entry  components.o
    0x08001672   0x08001672   0x00000002   PAD
    0x08001674   0x08001674   0x00000198   Code   RO         4081    i.print_number      kservice.o
    0x0800180c   0x0800180c   0x00000040   Code   RO         3823    i.rt_application_init  components.o
    0x0800184c   0x0800184c   0x0000001c   Code   RO         3824    i.rt_components_board_init  components.o
    0x08001868   0x08001868   0x0000001c   Code   RO         3825    i.rt_components_init  components.o
    0x08001884   0x08001884   0x00000020   Code   RO         4310    i.rt_enter_critical  scheduler.o
    0x080018a4   0x080018a4   0x00000044   Code   RO         4311    i.rt_exit_critical  scheduler.o
    0x080018e8   0x080018e8   0x00000022   Code   RO         3750    i.rt_hw_board_init  board.o
    0x0800190a   0x0800190a   0x00000002   Code   RO         4083    i.rt_hw_console_output  kservice.o
    0x0800190c   0x0800190c   0x00000224   Code   RO         4689    i.rt_hw_hard_fault_exception  cpuport.o
    0x08001b30   0x08001b30   0x00000050   Code   RO         4690    i.rt_hw_stack_init  cpuport.o
    0x08001b80   0x08001b80   0x00000020   Code   RO         4052    i.rt_interrupt_enter  irq.o
    0x08001ba0   0x08001ba0   0x00000020   Code   RO         4054    i.rt_interrupt_leave  irq.o
    0x08001bc0   0x08001bc0   0x00000030   Code   RO         4084    i.rt_kprintf        kservice.o
    0x08001bf0   0x08001bf0   0x00000006   Code   RO         4312    i.rt_list_init      scheduler.o
    0x08001bf6   0x08001bf6   0x00000006   Code   RO         4493    i.rt_list_init      timer.o
    0x08001bfc   0x08001bfc   0x0000000e   Code   RO         4383    i.rt_list_insert_after  thread.o
    0x08001c0a   0x08001c0a   0x0000000e   Code   RO         4494    i.rt_list_insert_after  timer.o
    0x08001c18   0x08001c18   0x00000010   Code   RO         4495    i.rt_list_isempty   timer.o
    0x08001c28   0x08001c28   0x00000012   Code   RO         4384    i.rt_list_remove    thread.o
    0x08001c3a   0x08001c3a   0x00000048   Code   RO         4089    i.rt_memset         kservice.o
    0x08001c82   0x08001c82   0x0000002c   Code   RO         4256    i.rt_object_detach  object.o
    0x08001cae   0x08001cae   0x00000002   PAD
    0x08001cb0   0x08001cb0   0x00000028   Code   RO         4258    i.rt_object_get_information  object.o
    0x08001cd8   0x08001cd8   0x00000060   Code   RO         4260    i.rt_object_init    object.o
    0x08001d38   0x08001d38   0x00000012   Code   RO         4261    i.rt_object_is_systemobject  object.o
    0x08001d4a   0x08001d4a   0x00000002   PAD
    0x08001d4c   0x08001d4c   0x00000084   Code   RO         4313    i.rt_schedule       scheduler.o
    0x08001dd0   0x08001dd0   0x00000050   Code   RO         4314    i.rt_schedule_insert_thread  scheduler.o
    0x08001e20   0x08001e20   0x00000054   Code   RO         4315    i.rt_schedule_remove_thread  scheduler.o
    0x08001e74   0x08001e74   0x000000b0   Code   RO         4091    i.rt_show_version   kservice.o
    0x08001f24   0x08001f24   0x00000012   Code   RO         4096    i.rt_strlen         kservice.o
    0x08001f36   0x08001f36   0x00000034   Code   RO         4098    i.rt_strncpy        kservice.o
    0x08001f6a   0x08001f6a   0x00000002   PAD
    0x08001f6c   0x08001f6c   0x0000004c   Code   RO         4316    i.rt_system_scheduler_init  scheduler.o
    0x08001fb8   0x08001fb8   0x00000030   Code   RO         4317    i.rt_system_scheduler_start  scheduler.o
    0x08001fe8   0x08001fe8   0x0000001c   Code   RO         4496    i.rt_system_timer_init  timer.o
    0x08002004   0x08002004   0x00000002   Code   RO         4497    i.rt_system_timer_thread_init  timer.o
    0x08002006   0x08002006   0x0000000c   Code   RO         4386    i.rt_thread_delay   thread.o
    0x08002012   0x08002012   0x00000002   PAD
    0x08002014   0x08002014   0x00000054   Code   RO         4388    i.rt_thread_exit    thread.o
    0x08002068   0x08002068   0x00000008   Code   RO         3897    i.rt_thread_idle_entry  idle.o
    0x08002070   0x08002070   0x00000080   Code   RO         3898    i.rt_thread_idle_excute  idle.o
    0x080020f0   0x080020f0   0x0000003c   Code   RO         3900    i.rt_thread_idle_init  idle.o
    0x0800212c   0x0800212c   0x00000034   Code   RO         4390    i.rt_thread_init    thread.o
    0x08002160   0x08002160   0x0000003c   Code   RO         4392    i.rt_thread_resume  thread.o
    0x0800219c   0x0800219c   0x0000000c   Code   RO         4393    i.rt_thread_self    thread.o
    0x080021a8   0x080021a8   0x00000044   Code   RO         4394    i.rt_thread_sleep   thread.o
    0x080021ec   0x080021ec   0x0000002c   Code   RO         4395    i.rt_thread_startup  thread.o
    0x08002218   0x08002218   0x00000044   Code   RO         4396    i.rt_thread_suspend  thread.o
    0x0800225c   0x0800225c   0x00000020   Code   RO         4397    i.rt_thread_timeout  thread.o
    0x0800227c   0x0800227c   0x00000064   Code   RO         4398    i.rt_thread_yield   thread.o
    0x080022e0   0x080022e0   0x0000000c   Code   RO         3785    i.rt_tick_get       clock.o
    0x080022ec   0x080022ec   0x00000030   Code   RO         3786    i.rt_tick_increase  clock.o
    0x0800231c   0x0800231c   0x0000007c   Code   RO         4498    i.rt_timer_check    timer.o
    0x08002398   0x08002398   0x00000038   Code   RO         4499    i.rt_timer_control  timer.o
    0x080023d0   0x080023d0   0x00000020   Code   RO         4500    i.rt_timer_detach   timer.o
    0x080023f0   0x080023f0   0x0000002e   Code   RO         4501    i.rt_timer_init     timer.o
    0x0800241e   0x0800241e   0x00000002   PAD
    0x08002420   0x08002420   0x000000f8   Code   RO         4504    i.rt_timer_start    timer.o
    0x08002518   0x08002518   0x00000030   Code   RO         4505    i.rt_timer_stop     timer.o
    0x08002548   0x08002548   0x00000330   Code   RO         4101    i.rt_vsnprintf      kservice.o
    0x08002878   0x08002878   0x00000004   Code   RO         3826    i.rti_board_end     components.o
    0x0800287c   0x0800287c   0x00000004   Code   RO         3827    i.rti_board_start   components.o
    0x08002880   0x08002880   0x00000004   Code   RO         3828    i.rti_end           components.o
    0x08002884   0x08002884   0x00000004   Code   RO         3829    i.rti_start         components.o
    0x08002888   0x08002888   0x0000002a   Code   RO         3830    i.rtthread_startup  components.o
    0x080028b2   0x080028b2   0x00000026   Code   RO         4103    i.skip_atoi         kservice.o
    0x080028d8   0x080028d8   0x00000010   Data   RO           15    .constdata          system_stm32h7xx.o
    0x080028e8   0x080028e8   0x00000122   Data   RO         4105    .constdata          kservice.o
    0x08002a0a   0x08002a0a   0x00000002   PAD
    0x08002a0c   0x08002a0c   0x00000004   Data   RO         3832    .rti_fn.0           components.o
    0x08002a10   0x08002a10   0x00000004   Data   RO         3833    .rti_fn.0.end       components.o
    0x08002a14   0x08002a14   0x00000004   Data   RO         3834    .rti_fn.1.end       components.o
    0x08002a18   0x08002a18   0x00000004   Data   RO         3835    .rti_fn.6.end       components.o
    0x08002a1c   0x08002a1c   0x00000020   Data   RO         4748    Region$$Table       anon$$obj.o


    Execution Region RW_IRAM1 (Exec base: 0x20000000, Load base: 0x08002a3c, Size: 0x00000000, Max: 0x00020000, ABSOLUTE)

    **** No section assigned to this execution region ****


    Execution Region RW_IRAM2 (Exec base: 0x24000000, Load base: 0x08002a3c, Size: 0x00000df0, Max: 0x00080000, ABSOLUTE)

    Exec Addr    Load Addr    Size         Type   Attr      Idx    E Section Name        Object

    0x24000000   0x08002a3c   0x00000008   Data   RW           16    .data               system_stm32h7xx.o
    0x24000008   0x08002a44   0x00000004   Data   RW         3788    .data               clock.o
    0x2400000c   0x08002a48   0x00000001   Data   RW         4055    .data               irq.o
    0x2400000d   0x08002a49   0x00000003   PAD
    0x24000010   0x08002a4c   0x00000040   Data   RW         4263    .data               object.o
    0x24000050   0x08002a8c   0x00000018   Data   RW         4319    .data               scheduler.o
    0x24000068   0x08002aa4   0x0000000c   Data   RW         4506    .data               timer.o
    0x24000074   0x08002ab0   0x00000010   Data   RW         4691    .data               cpuport.o
    0x24000084        -       0x00000478   Zero   RW         3568    .bss                main.o
    0x240004fc   0x08002ac0   0x00000004   PAD
    0x24000500        -       0x00000278   Zero   RW         3831    .bss                components.o
    0x24000778        -       0x000000f8   Zero   RW         3901    .bss                idle.o
    0x24000870        -       0x00000080   Zero   RW         4104    .bss                kservice.o
    0x240008f0        -       0x00000100   Zero   RW         4318    .bss                scheduler.o
    0x240009f0        -       0x00000400   Zero   RW            1    STACK               startup_stm32h743xx.o


==============================================================================

Image component sizes


      Code (inc. data)   RO Data    RW Data    ZI Data      Debug   Object Name

       238          4          0          0          0       2189   board.o
       168         14          0          0          0       1022   bsp_led.o
        60         12          0          4          0       1313   clock.o
       202         36         16          0        632       6508   components.o
       308         26          0          0          0        868   context_rvds.o
        72         20          0          0          0       1097   core_delay.o
       628        342          0         16          0       4294   cpuport.o
       216         32          0          0        248       5802   idle.o
        64         12          0          1          0       1722   irq.o
      1706        164        290          0        128       9891   kservice.o
       104         26          0          0       1144       7343   main.o
       198          4          0         64          0       6516   object.o
       526         90          0         24        256       8934   scheduler.o
        36          8        664          0       1024        988   startup_stm32h743xx.o
        92          8          0          0          0      35988   stm32h7xx_hal_cortex.o
       588         54          0          0          0       1884   stm32h7xx_hal_gpio.o
      2896         54          0          0          0       4332   stm32h7xx_hal_rcc.o
        14          0          0          0          0       2443   stm32h7xx_it.o
       148         18         16          8          0    1043414   system_stm32h7xx.o
       696         36          0          0          0      11560   thread.o
       732         20          0         12          0      11900   timer.o

    ----------------------------------------------------------------------
      9704        980       1020        132       3436    1170008   Object Totals
         0          0         32          0          0          0   (incl. Generated)
        12          0          2          3          4          0   (incl. Padding)

    ----------------------------------------------------------------------

      Code (inc. data)   RO Data    RW Data    ZI Data      Debug   Library Member Name

         0          0          0          0          0          0   entry.o
         0          0          0          0          0          0   entry10a.o
         0          0          0          0          0          0   entry11a.o
         8          4          0          0          0          0   entry2.o
         4          0          0          0          0          0   entry5.o
         0          0          0          0          0          0   entry7b.o
         0          0          0          0          0          0   entry8b.o
         8          4          0          0          0          0   entry9a.o
        30          0          0          0          0          0   handlers.o
        36          8          0          0          0         68   init.o

    ----------------------------------------------------------------------
        88         16          0          0          0         68   Library Totals
         2          0          0          0          0          0   (incl. Padding)

    ----------------------------------------------------------------------

      Code (inc. data)   RO Data    RW Data    ZI Data      Debug   Library Name

        86         16          0          0          0         68   mc_w.l

    ----------------------------------------------------------------------
        88         16          0          0          0         68   Library Totals

    ----------------------------------------------------------------------

==============================================================================


      Code (inc. data)   RO Data    RW Data    ZI Data      Debug   

      9792        996       1020        132       3436    1162080   Grand Totals
      9792        996       1020        132       3436    1162080   ELF Image Totals
      9792        996       1020        132          0          0   ROM Totals

==============================================================================

    Total RO  Size (Code + RO Data)                10812 (  10.56kB)
    Total RW  Size (RW Data + ZI Data)              3568 (   3.48kB)
    Total ROM Size (Code + RO Data + RW Data)      10944 (  10.69kB)

==============================================================================

